
AVRASM ver. 2.1.30  D:\Work\Study\TT Lap trinh dieu khien tren O to\CodeVisionAVR\3d_nutnhan\Debug\List\1_outputONOFF.asm Fri Aug 21 08:28:23 2026

D:\Work\Study\TT Lap trinh dieu khien tren O to\CodeVisionAVR\3d_nutnhan\Debug\List\1_outputONOFF.asm(1090): warning: Register r4 already defined by the .DEF directive
D:\Work\Study\TT Lap trinh dieu khien tren O to\CodeVisionAVR\3d_nutnhan\Debug\List\1_outputONOFF.asm(1091): warning: Register r3 already defined by the .DEF directive
D:\Work\Study\TT Lap trinh dieu khien tren O to\CodeVisionAVR\3d_nutnhan\Debug\List\1_outputONOFF.asm(1092): warning: Register r6 already defined by the .DEF directive
D:\Work\Study\TT Lap trinh dieu khien tren O to\CodeVisionAVR\3d_nutnhan\Debug\List\1_outputONOFF.asm(1093): warning: Register r5 already defined by the .DEF directive
D:\Work\Study\TT Lap trinh dieu khien tren O to\CodeVisionAVR\3d_nutnhan\Debug\List\1_outputONOFF.asm(1094): warning: Register r8 already defined by the .DEF directive
D:\Work\Study\TT Lap trinh dieu khien tren O to\CodeVisionAVR\3d_nutnhan\Debug\List\1_outputONOFF.asm(1095): warning: Register r7 already defined by the .DEF directive
D:\Work\Study\TT Lap trinh dieu khien tren O to\CodeVisionAVR\3d_nutnhan\Debug\List\1_outputONOFF.asm(1096): warning: Register r10 already defined by the .DEF directive
D:\Work\Study\TT Lap trinh dieu khien tren O to\CodeVisionAVR\3d_nutnhan\Debug\List\1_outputONOFF.asm(1097): warning: Register r9 already defined by the .DEF directive
                 
                 
                 ;CodeVisionAVR C Compiler V3.12 Advanced
                 ;(C) Copyright 1998-2014 Pavel Haiduc, HP InfoTech s.r.l.
                 ;http://www.hpinfotech.com
                 
                 ;Build configuration    : Debug
                 ;Chip type              : ATmega328P
                 ;Program type           : Application
                 ;Clock frequency        : 16,000000 MHz
                 ;Memory model           : Small
                 ;Optimize for           : Size
                 ;(s)printf features     : int, width
                 ;(s)scanf features      : int, width
                 ;External RAM size      : 0
                 ;Data Stack size        : 512 byte(s)
                 ;Heap size              : 0 byte(s)
                 ;Promote 'char' to 'int': Yes
                 ;'char' is unsigned     : Yes
                 ;8 bit enums            : Yes
                 ;Global 'const' stored in FLASH: Yes
                 ;Enhanced function parameter passing: Yes
                 ;Enhanced core instructions: On
                 ;Automatic register allocation for global variables: On
                 ;Smart register allocation: On
                 
                 	#define _MODEL_SMALL_
                 
                 	#pragma AVRPART ADMIN PART_NAME ATmega328P
                 	#pragma AVRPART MEMORY PROG_FLASH 32768
                 	#pragma AVRPART MEMORY EEPROM 1024
                 	#pragma AVRPART MEMORY INT_SRAM SIZE 2048
                 	#pragma AVRPART MEMORY INT_SRAM START_ADDR 0x100
                 
                 	#define CALL_SUPPORTED 1
                 
                 	.LISTMAC
                 	.EQU EERE=0x0
                 	.EQU EEWE=0x1
                 	.EQU EEMWE=0x2
                 	.EQU UDRE=0x5
                 	.EQU RXC=0x7
                 	.EQU EECR=0x1F
                 	.EQU EEDR=0x20
                 	.EQU EEARL=0x21
                 	.EQU EEARH=0x22
                 	.EQU SPSR=0x2D
                 	.EQU SPDR=0x2E
                 	.EQU SMCR=0x33
                 	.EQU MCUSR=0x34
                 	.EQU MCUCR=0x35
                 	.EQU WDTCSR=0x60
                 	.EQU UCSR0A=0xC0
                 	.EQU UDR0=0xC6
                 	.EQU SPL=0x3D
                 	.EQU SPH=0x3E
                 	.EQU SREG=0x3F
                 	.EQU GPIOR0=0x1E
                 
                 	.DEF R0X0=R0
                 	.DEF R0X1=R1
                 	.DEF R0X2=R2
                 	.DEF R0X3=R3
                 	.DEF R0X4=R4
                 	.DEF R0X5=R5
                 	.DEF R0X6=R6
                 	.DEF R0X7=R7
                 	.DEF R0X8=R8
                 	.DEF R0X9=R9
                 	.DEF R0XA=R10
                 	.DEF R0XB=R11
                 	.DEF R0XC=R12
                 	.DEF R0XD=R13
                 	.DEF R0XE=R14
                 	.DEF R0XF=R15
                 	.DEF R0X10=R16
                 	.DEF R0X11=R17
                 	.DEF R0X12=R18
                 	.DEF R0X13=R19
                 	.DEF R0X14=R20
                 	.DEF R0X15=R21
                 	.DEF R0X16=R22
                 	.DEF R0X17=R23
                 	.DEF R0X18=R24
                 	.DEF R0X19=R25
                 	.DEF R0X1A=R26
                 	.DEF R0X1B=R27
                 	.DEF R0X1C=R28
                 	.DEF R0X1D=R29
                 	.DEF R0X1E=R30
                 	.DEF R0X1F=R31
                 
                 	.EQU __SRAM_START=0x0100
                 	.EQU __SRAM_END=0x08FF
                 	.EQU __DSTACK_SIZE=0x0200
                 	.EQU __HEAP_SIZE=0x0000
                 	.EQU __CLEAR_SRAM_SIZE=__SRAM_END-__SRAM_START+1
                 
                 	.MACRO __CPD1N
                 	CPI  R30,LOW(@0)
                 	LDI  R26,HIGH(@0)
                 	CPC  R31,R26
                 	LDI  R26,BYTE3(@0)
                 	CPC  R22,R26
                 	LDI  R26,BYTE4(@0)
                 	CPC  R23,R26
                 	.ENDM
                 
                 	.MACRO __CPD2N
                 	CPI  R26,LOW(@0)
                 	LDI  R30,HIGH(@0)
                 	CPC  R27,R30
                 	LDI  R30,BYTE3(@0)
                 	CPC  R24,R30
                 	LDI  R30,BYTE4(@0)
                 	CPC  R25,R30
                 	.ENDM
                 
                 	.MACRO __CPWRR
                 	CP   R@0,R@2
                 	CPC  R@1,R@3
                 	.ENDM
                 
                 	.MACRO __CPWRN
                 	CPI  R@0,LOW(@2)
                 	LDI  R30,HIGH(@2)
                 	CPC  R@1,R30
                 	.ENDM
                 
                 	.MACRO __ADDB1MN
                 	SUBI R30,LOW(-@0-(@1))
                 	.ENDM
                 
                 	.MACRO __ADDB2MN
                 	SUBI R26,LOW(-@0-(@1))
                 	.ENDM
                 
                 	.MACRO __ADDW1MN
                 	SUBI R30,LOW(-@0-(@1))
                 	SBCI R31,HIGH(-@0-(@1))
                 	.ENDM
                 
                 	.MACRO __ADDW2MN
                 	SUBI R26,LOW(-@0-(@1))
                 	SBCI R27,HIGH(-@0-(@1))
                 	.ENDM
                 
                 	.MACRO __ADDW1FN
                 	SUBI R30,LOW(-2*@0-(@1))
                 	SBCI R31,HIGH(-2*@0-(@1))
                 	.ENDM
                 
                 	.MACRO __ADDD1FN
                 	SUBI R30,LOW(-2*@0-(@1))
                 	SBCI R31,HIGH(-2*@0-(@1))
                 	SBCI R22,BYTE3(-2*@0-(@1))
                 	.ENDM
                 
                 	.MACRO __ADDD1N
                 	SUBI R30,LOW(-@0)
                 	SBCI R31,HIGH(-@0)
                 	SBCI R22,BYTE3(-@0)
                 	SBCI R23,BYTE4(-@0)
                 	.ENDM
                 
                 	.MACRO __ADDD2N
                 	SUBI R26,LOW(-@0)
                 	SBCI R27,HIGH(-@0)
                 	SBCI R24,BYTE3(-@0)
                 	SBCI R25,BYTE4(-@0)
                 	.ENDM
                 
                 	.MACRO __SUBD1N
                 	SUBI R30,LOW(@0)
                 	SBCI R31,HIGH(@0)
                 	SBCI R22,BYTE3(@0)
                 	SBCI R23,BYTE4(@0)
                 	.ENDM
                 
                 	.MACRO __SUBD2N
                 	SUBI R26,LOW(@0)
                 	SBCI R27,HIGH(@0)
                 	SBCI R24,BYTE3(@0)
                 	SBCI R25,BYTE4(@0)
                 	.ENDM
                 
                 	.MACRO __ANDBMNN
                 	LDS  R30,@0+(@1)
                 	ANDI R30,LOW(@2)
                 	STS  @0+(@1),R30
                 	.ENDM
                 
                 	.MACRO __ANDWMNN
                 	LDS  R30,@0+(@1)
                 	ANDI R30,LOW(@2)
                 	STS  @0+(@1),R30
                 	LDS  R30,@0+(@1)+1
                 	ANDI R30,HIGH(@2)
                 	STS  @0+(@1)+1,R30
                 	.ENDM
                 
                 	.MACRO __ANDD1N
                 	ANDI R30,LOW(@0)
                 	ANDI R31,HIGH(@0)
                 	ANDI R22,BYTE3(@0)
                 	ANDI R23,BYTE4(@0)
                 	.ENDM
                 
                 	.MACRO __ANDD2N
                 	ANDI R26,LOW(@0)
                 	ANDI R27,HIGH(@0)
                 	ANDI R24,BYTE3(@0)
                 	ANDI R25,BYTE4(@0)
                 	.ENDM
                 
                 	.MACRO __ORBMNN
                 	LDS  R30,@0+(@1)
                 	ORI  R30,LOW(@2)
                 	STS  @0+(@1),R30
                 	.ENDM
                 
                 	.MACRO __ORWMNN
                 	LDS  R30,@0+(@1)
                 	ORI  R30,LOW(@2)
                 	STS  @0+(@1),R30
                 	LDS  R30,@0+(@1)+1
                 	ORI  R30,HIGH(@2)
                 	STS  @0+(@1)+1,R30
                 	.ENDM
                 
                 	.MACRO __ORD1N
                 	ORI  R30,LOW(@0)
                 	ORI  R31,HIGH(@0)
                 	ORI  R22,BYTE3(@0)
                 	ORI  R23,BYTE4(@0)
                 	.ENDM
                 
                 	.MACRO __ORD2N
                 	ORI  R26,LOW(@0)
                 	ORI  R27,HIGH(@0)
                 	ORI  R24,BYTE3(@0)
                 	ORI  R25,BYTE4(@0)
                 	.ENDM
                 
                 	.MACRO __DELAY_USB
                 	LDI  R24,LOW(@0)
                 __DELAY_USB_LOOP:
                 	DEC  R24
                 	BRNE __DELAY_USB_LOOP
                 	.ENDM
                 
                 	.MACRO __DELAY_USW
                 	LDI  R24,LOW(@0)
                 	LDI  R25,HIGH(@0)
                 __DELAY_USW_LOOP:
                 	SBIW R24,1
                 	BRNE __DELAY_USW_LOOP
                 	.ENDM
                 
                 	.MACRO __GETD1S
                 	LDD  R30,Y+@0
                 	LDD  R31,Y+@0+1
                 	LDD  R22,Y+@0+2
                 	LDD  R23,Y+@0+3
                 	.ENDM
                 
                 	.MACRO __GETD2S
                 	LDD  R26,Y+@0
                 	LDD  R27,Y+@0+1
                 	LDD  R24,Y+@0+2
                 	LDD  R25,Y+@0+3
                 	.ENDM
                 
                 	.MACRO __PUTD1S
                 	STD  Y+@0,R30
                 	STD  Y+@0+1,R31
                 	STD  Y+@0+2,R22
                 	STD  Y+@0+3,R23
                 	.ENDM
                 
                 	.MACRO __PUTD2S
                 	STD  Y+@0,R26
                 	STD  Y+@0+1,R27
                 	STD  Y+@0+2,R24
                 	STD  Y+@0+3,R25
                 	.ENDM
                 
                 	.MACRO __PUTDZ2
                 	STD  Z+@0,R26
                 	STD  Z+@0+1,R27
                 	STD  Z+@0+2,R24
                 	STD  Z+@0+3,R25
                 	.ENDM
                 
                 	.MACRO __CLRD1S
                 	STD  Y+@0,R30
                 	STD  Y+@0+1,R30
                 	STD  Y+@0+2,R30
                 	STD  Y+@0+3,R30
                 	.ENDM
                 
                 	.MACRO __POINTB1MN
                 	LDI  R30,LOW(@0+(@1))
                 	.ENDM
                 
                 	.MACRO __POINTW1MN
                 	LDI  R30,LOW(@0+(@1))
                 	LDI  R31,HIGH(@0+(@1))
                 	.ENDM
                 
                 	.MACRO __POINTD1M
                 	LDI  R30,LOW(@0)
                 	LDI  R31,HIGH(@0)
                 	LDI  R22,BYTE3(@0)
                 	LDI  R23,BYTE4(@0)
                 	.ENDM
                 
                 	.MACRO __POINTW1FN
                 	LDI  R30,LOW(2*@0+(@1))
                 	LDI  R31,HIGH(2*@0+(@1))
                 	.ENDM
                 
                 	.MACRO __POINTD1FN
                 	LDI  R30,LOW(2*@0+(@1))
                 	LDI  R31,HIGH(2*@0+(@1))
                 	LDI  R22,BYTE3(2*@0+(@1))
                 	LDI  R23,BYTE4(2*@0+(@1))
                 	.ENDM
                 
                 	.MACRO __POINTB2MN
                 	LDI  R26,LOW(@0+(@1))
                 	.ENDM
                 
                 	.MACRO __POINTW2MN
                 	LDI  R26,LOW(@0+(@1))
                 	LDI  R27,HIGH(@0+(@1))
                 	.ENDM
                 
                 	.MACRO __POINTW2FN
                 	LDI  R26,LOW(2*@0+(@1))
                 	LDI  R27,HIGH(2*@0+(@1))
                 	.ENDM
                 
                 	.MACRO __POINTD2FN
                 	LDI  R26,LOW(2*@0+(@1))
                 	LDI  R27,HIGH(2*@0+(@1))
                 	LDI  R24,BYTE3(2*@0+(@1))
                 	LDI  R25,BYTE4(2*@0+(@1))
                 	.ENDM
                 
                 	.MACRO __POINTBRM
                 	LDI  R@0,LOW(@1)
                 	.ENDM
                 
                 	.MACRO __POINTWRM
                 	LDI  R@0,LOW(@2)
                 	LDI  R@1,HIGH(@2)
                 	.ENDM
                 
                 	.MACRO __POINTBRMN
                 	LDI  R@0,LOW(@1+(@2))
                 	.ENDM
                 
                 	.MACRO __POINTWRMN
                 	LDI  R@0,LOW(@2+(@3))
                 	LDI  R@1,HIGH(@2+(@3))
                 	.ENDM
                 
                 	.MACRO __POINTWRFN
                 	LDI  R@0,LOW(@2*2+(@3))
                 	LDI  R@1,HIGH(@2*2+(@3))
                 	.ENDM
                 
                 	.MACRO __GETD1N
                 	LDI  R30,LOW(@0)
                 	LDI  R31,HIGH(@0)
                 	LDI  R22,BYTE3(@0)
                 	LDI  R23,BYTE4(@0)
                 	.ENDM
                 
                 	.MACRO __GETD2N
                 	LDI  R26,LOW(@0)
                 	LDI  R27,HIGH(@0)
                 	LDI  R24,BYTE3(@0)
                 	LDI  R25,BYTE4(@0)
                 	.ENDM
                 
                 	.MACRO __GETB1MN
                 	LDS  R30,@0+(@1)
                 	.ENDM
                 
                 	.MACRO __GETB1HMN
                 	LDS  R31,@0+(@1)
                 	.ENDM
                 
                 	.MACRO __GETW1MN
                 	LDS  R30,@0+(@1)
                 	LDS  R31,@0+(@1)+1
                 	.ENDM
                 
                 	.MACRO __GETD1MN
                 	LDS  R30,@0+(@1)
                 	LDS  R31,@0+(@1)+1
                 	LDS  R22,@0+(@1)+2
                 	LDS  R23,@0+(@1)+3
                 	.ENDM
                 
                 	.MACRO __GETBRMN
                 	LDS  R@0,@1+(@2)
                 	.ENDM
                 
                 	.MACRO __GETWRMN
                 	LDS  R@0,@2+(@3)
                 	LDS  R@1,@2+(@3)+1
                 	.ENDM
                 
                 	.MACRO __GETWRZ
                 	LDD  R@0,Z+@2
                 	LDD  R@1,Z+@2+1
                 	.ENDM
                 
                 	.MACRO __GETD2Z
                 	LDD  R26,Z+@0
                 	LDD  R27,Z+@0+1
                 	LDD  R24,Z+@0+2
                 	LDD  R25,Z+@0+3
                 	.ENDM
                 
                 	.MACRO __GETB2MN
                 	LDS  R26,@0+(@1)
                 	.ENDM
                 
                 	.MACRO __GETW2MN
                 	LDS  R26,@0+(@1)
                 	LDS  R27,@0+(@1)+1
                 	.ENDM
                 
                 	.MACRO __GETD2MN
                 	LDS  R26,@0+(@1)
                 	LDS  R27,@0+(@1)+1
                 	LDS  R24,@0+(@1)+2
                 	LDS  R25,@0+(@1)+3
                 	.ENDM
                 
                 	.MACRO __PUTB1MN
                 	STS  @0+(@1),R30
                 	.ENDM
                 
                 	.MACRO __PUTW1MN
                 	STS  @0+(@1),R30
                 	STS  @0+(@1)+1,R31
                 	.ENDM
                 
                 	.MACRO __PUTD1MN
                 	STS  @0+(@1),R30
                 	STS  @0+(@1)+1,R31
                 	STS  @0+(@1)+2,R22
                 	STS  @0+(@1)+3,R23
                 	.ENDM
                 
                 	.MACRO __PUTB1EN
                 	LDI  R26,LOW(@0+(@1))
                 	LDI  R27,HIGH(@0+(@1))
                 	CALL __EEPROMWRB
                 	.ENDM
                 
                 	.MACRO __PUTW1EN
                 	LDI  R26,LOW(@0+(@1))
                 	LDI  R27,HIGH(@0+(@1))
                 	CALL __EEPROMWRW
                 	.ENDM
                 
                 	.MACRO __PUTD1EN
                 	LDI  R26,LOW(@0+(@1))
                 	LDI  R27,HIGH(@0+(@1))
                 	CALL __EEPROMWRD
                 	.ENDM
                 
                 	.MACRO __PUTBR0MN
                 	STS  @0+(@1),R0
                 	.ENDM
                 
                 	.MACRO __PUTBMRN
                 	STS  @0+(@1),R@2
                 	.ENDM
                 
                 	.MACRO __PUTWMRN
                 	STS  @0+(@1),R@2
                 	STS  @0+(@1)+1,R@3
                 	.ENDM
                 
                 	.MACRO __PUTBZR
                 	STD  Z+@1,R@0
                 	.ENDM
                 
                 	.MACRO __PUTWZR
                 	STD  Z+@2,R@0
                 	STD  Z+@2+1,R@1
                 	.ENDM
                 
                 	.MACRO __GETW1R
                 	MOV  R30,R@0
                 	MOV  R31,R@1
                 	.ENDM
                 
                 	.MACRO __GETW2R
                 	MOV  R26,R@0
                 	MOV  R27,R@1
                 	.ENDM
                 
                 	.MACRO __GETWRN
                 	LDI  R@0,LOW(@2)
                 	LDI  R@1,HIGH(@2)
                 	.ENDM
                 
                 	.MACRO __PUTW1R
                 	MOV  R@0,R30
                 	MOV  R@1,R31
                 	.ENDM
                 
                 	.MACRO __PUTW2R
                 	MOV  R@0,R26
                 	MOV  R@1,R27
                 	.ENDM
                 
                 	.MACRO __ADDWRN
                 	SUBI R@0,LOW(-@2)
                 	SBCI R@1,HIGH(-@2)
                 	.ENDM
                 
                 	.MACRO __ADDWRR
                 	ADD  R@0,R@2
                 	ADC  R@1,R@3
                 	.ENDM
                 
                 	.MACRO __SUBWRN
                 	SUBI R@0,LOW(@2)
                 	SBCI R@1,HIGH(@2)
                 	.ENDM
                 
                 	.MACRO __SUBWRR
                 	SUB  R@0,R@2
                 	SBC  R@1,R@3
                 	.ENDM
                 
                 	.MACRO __ANDWRN
                 	ANDI R@0,LOW(@2)
                 	ANDI R@1,HIGH(@2)
                 	.ENDM
                 
                 	.MACRO __ANDWRR
                 	AND  R@0,R@2
                 	AND  R@1,R@3
                 	.ENDM
                 
                 	.MACRO __ORWRN
                 	ORI  R@0,LOW(@2)
                 	ORI  R@1,HIGH(@2)
                 	.ENDM
                 
                 	.MACRO __ORWRR
                 	OR   R@0,R@2
                 	OR   R@1,R@3
                 	.ENDM
                 
                 	.MACRO __EORWRR
                 	EOR  R@0,R@2
                 	EOR  R@1,R@3
                 	.ENDM
                 
                 	.MACRO __GETWRS
                 	LDD  R@0,Y+@2
                 	LDD  R@1,Y+@2+1
                 	.ENDM
                 
                 	.MACRO __PUTBSR
                 	STD  Y+@1,R@0
                 	.ENDM
                 
                 	.MACRO __PUTWSR
                 	STD  Y+@2,R@0
                 	STD  Y+@2+1,R@1
                 	.ENDM
                 
                 	.MACRO __MOVEWRR
                 	MOV  R@0,R@2
                 	MOV  R@1,R@3
                 	.ENDM
                 
                 	.MACRO __INWR
                 	IN   R@0,@2
                 	IN   R@1,@2+1
                 	.ENDM
                 
                 	.MACRO __OUTWR
                 	OUT  @2+1,R@1
                 	OUT  @2,R@0
                 	.ENDM
                 
                 	.MACRO __CALL1MN
                 	LDS  R30,@0+(@1)
                 	LDS  R31,@0+(@1)+1
                 	ICALL
                 	.ENDM
                 
                 	.MACRO __CALL1FN
                 	LDI  R30,LOW(2*@0+(@1))
                 	LDI  R31,HIGH(2*@0+(@1))
                 	CALL __GETW1PF
                 	ICALL
                 	.ENDM
                 
                 	.MACRO __CALL2EN
                 	PUSH R26
                 	PUSH R27
                 	LDI  R26,LOW(@0+(@1))
                 	LDI  R27,HIGH(@0+(@1))
                 	CALL __EEPROMRDW
                 	POP  R27
                 	POP  R26
                 	ICALL
                 	.ENDM
                 
                 	.MACRO __CALL2EX
                 	SUBI R26,LOW(-@0)
                 	SBCI R27,HIGH(-@0)
                 	CALL __EEPROMRDD
                 	ICALL
                 	.ENDM
                 
                 	.MACRO __GETW1STACK
                 	IN   R30,SPL
                 	IN   R31,SPH
                 	ADIW R30,@0+1
                 	LD   R0,Z+
                 	LD   R31,Z
                 	MOV  R30,R0
                 	.ENDM
                 
                 	.MACRO __GETD1STACK
                 	IN   R30,SPL
                 	IN   R31,SPH
                 	ADIW R30,@0+1
                 	LD   R0,Z+
                 	LD   R1,Z+
                 	LD   R22,Z
                 	MOVW R30,R0
                 	.ENDM
                 
                 	.MACRO __NBST
                 	BST  R@0,@1
                 	IN   R30,SREG
                 	LDI  R31,0x40
                 	EOR  R30,R31
                 	OUT  SREG,R30
                 	.ENDM
                 
                 
                 	.MACRO __PUTB1SN
                 	LDD  R26,Y+@0
                 	LDD  R27,Y+@0+1
                 	SUBI R26,LOW(-@1)
                 	SBCI R27,HIGH(-@1)
                 	ST   X,R30
                 	.ENDM
                 
                 	.MACRO __PUTW1SN
                 	LDD  R26,Y+@0
                 	LDD  R27,Y+@0+1
                 	SUBI R26,LOW(-@1)
                 	SBCI R27,HIGH(-@1)
                 	ST   X+,R30
                 	ST   X,R31
                 	.ENDM
                 
                 	.MACRO __PUTD1SN
                 	LDD  R26,Y+@0
                 	LDD  R27,Y+@0+1
                 	SUBI R26,LOW(-@1)
                 	SBCI R27,HIGH(-@1)
                 	CALL __PUTDP1
                 	.ENDM
                 
                 	.MACRO __PUTB1SNS
                 	LDD  R26,Y+@0
                 	LDD  R27,Y+@0+1
                 	ADIW R26,@1
                 	ST   X,R30
                 	.ENDM
                 
                 	.MACRO __PUTW1SNS
                 	LDD  R26,Y+@0
                 	LDD  R27,Y+@0+1
                 	ADIW R26,@1
                 	ST   X+,R30
                 	ST   X,R31
                 	.ENDM
                 
                 	.MACRO __PUTD1SNS
                 	LDD  R26,Y+@0
                 	LDD  R27,Y+@0+1
                 	ADIW R26,@1
                 	CALL __PUTDP1
                 	.ENDM
                 
                 	.MACRO __PUTB1PMN
                 	LDS  R26,@0
                 	LDS  R27,@0+1
                 	SUBI R26,LOW(-@1)
                 	SBCI R27,HIGH(-@1)
                 	ST   X,R30
                 	.ENDM
                 
                 	.MACRO __PUTW1PMN
                 	LDS  R26,@0
                 	LDS  R27,@0+1
                 	SUBI R26,LOW(-@1)
                 	SBCI R27,HIGH(-@1)
                 	ST   X+,R30
                 	ST   X,R31
                 	.ENDM
                 
                 	.MACRO __PUTD1PMN
                 	LDS  R26,@0
                 	LDS  R27,@0+1
                 	SUBI R26,LOW(-@1)
                 	SBCI R27,HIGH(-@1)
                 	CALL __PUTDP1
                 	.ENDM
                 
                 	.MACRO __PUTB1PMNS
                 	LDS  R26,@0
                 	LDS  R27,@0+1
                 	ADIW R26,@1
                 	ST   X,R30
                 	.ENDM
                 
                 	.MACRO __PUTW1PMNS
                 	LDS  R26,@0
                 	LDS  R27,@0+1
                 	ADIW R26,@1
                 	ST   X+,R30
                 	ST   X,R31
                 	.ENDM
                 
                 	.MACRO __PUTD1PMNS
                 	LDS  R26,@0
                 	LDS  R27,@0+1
                 	ADIW R26,@1
                 	CALL __PUTDP1
                 	.ENDM
                 
                 	.MACRO __PUTB1RN
                 	MOVW R26,R@0
                 	SUBI R26,LOW(-@1)
                 	SBCI R27,HIGH(-@1)
                 	ST   X,R30
                 	.ENDM
                 
                 	.MACRO __PUTW1RN
                 	MOVW R26,R@0
                 	SUBI R26,LOW(-@1)
                 	SBCI R27,HIGH(-@1)
                 	ST   X+,R30
                 	ST   X,R31
                 	.ENDM
                 
                 	.MACRO __PUTD1RN
                 	MOVW R26,R@0
                 	SUBI R26,LOW(-@1)
                 	SBCI R27,HIGH(-@1)
                 	CALL __PUTDP1
                 	.ENDM
                 
                 	.MACRO __PUTB1RNS
                 	MOVW R26,R@0
                 	ADIW R26,@1
                 	ST   X,R30
                 	.ENDM
                 
                 	.MACRO __PUTW1RNS
                 	MOVW R26,R@0
                 	ADIW R26,@1
                 	ST   X+,R30
                 	ST   X,R31
                 	.ENDM
                 
                 	.MACRO __PUTD1RNS
                 	MOVW R26,R@0
                 	ADIW R26,@1
                 	CALL __PUTDP1
                 	.ENDM
                 
                 	.MACRO __PUTB1RON
                 	MOV  R26,R@0
                 	MOV  R27,R@1
                 	SUBI R26,LOW(-@2)
                 	SBCI R27,HIGH(-@2)
                 	ST   X,R30
                 	.ENDM
                 
                 	.MACRO __PUTW1RON
                 	MOV  R26,R@0
                 	MOV  R27,R@1
                 	SUBI R26,LOW(-@2)
                 	SBCI R27,HIGH(-@2)
                 	ST   X+,R30
                 	ST   X,R31
                 	.ENDM
                 
                 	.MACRO __PUTD1RON
                 	MOV  R26,R@0
                 	MOV  R27,R@1
                 	SUBI R26,LOW(-@2)
                 	SBCI R27,HIGH(-@2)
                 	CALL __PUTDP1
                 	.ENDM
                 
                 	.MACRO __PUTB1RONS
                 	MOV  R26,R@0
                 	MOV  R27,R@1
                 	ADIW R26,@2
                 	ST   X,R30
                 	.ENDM
                 
                 	.MACRO __PUTW1RONS
                 	MOV  R26,R@0
                 	MOV  R27,R@1
                 	ADIW R26,@2
                 	ST   X+,R30
                 	ST   X,R31
                 	.ENDM
                 
                 	.MACRO __PUTD1RONS
                 	MOV  R26,R@0
                 	MOV  R27,R@1
                 	ADIW R26,@2
                 	CALL __PUTDP1
                 	.ENDM
                 
                 
                 	.MACRO __GETB1SX
                 	MOVW R30,R28
                 	SUBI R30,LOW(-@0)
                 	SBCI R31,HIGH(-@0)
                 	LD   R30,Z
                 	.ENDM
                 
                 	.MACRO __GETB1HSX
                 	MOVW R30,R28
                 	SUBI R30,LOW(-@0)
                 	SBCI R31,HIGH(-@0)
                 	LD   R31,Z
                 	.ENDM
                 
                 	.MACRO __GETW1SX
                 	MOVW R30,R28
                 	SUBI R30,LOW(-@0)
                 	SBCI R31,HIGH(-@0)
                 	LD   R0,Z+
                 	LD   R31,Z
                 	MOV  R30,R0
                 	.ENDM
                 
                 	.MACRO __GETD1SX
                 	MOVW R30,R28
                 	SUBI R30,LOW(-@0)
                 	SBCI R31,HIGH(-@0)
                 	LD   R0,Z+
                 	LD   R1,Z+
                 	LD   R22,Z+
                 	LD   R23,Z
                 	MOVW R30,R0
                 	.ENDM
                 
                 	.MACRO __GETB2SX
                 	MOVW R26,R28
                 	SUBI R26,LOW(-@0)
                 	SBCI R27,HIGH(-@0)
                 	LD   R26,X
                 	.ENDM
                 
                 	.MACRO __GETW2SX
                 	MOVW R26,R28
                 	SUBI R26,LOW(-@0)
                 	SBCI R27,HIGH(-@0)
                 	LD   R0,X+
                 	LD   R27,X
                 	MOV  R26,R0
                 	.ENDM
                 
                 	.MACRO __GETD2SX
                 	MOVW R26,R28
                 	SUBI R26,LOW(-@0)
                 	SBCI R27,HIGH(-@0)
                 	LD   R0,X+
                 	LD   R1,X+
                 	LD   R24,X+
                 	LD   R25,X
                 	MOVW R26,R0
                 	.ENDM
                 
                 	.MACRO __GETBRSX
                 	MOVW R30,R28
                 	SUBI R30,LOW(-@1)
                 	SBCI R31,HIGH(-@1)
                 	LD   R@0,Z
                 	.ENDM
                 
                 	.MACRO __GETWRSX
                 	MOVW R30,R28
                 	SUBI R30,LOW(-@2)
                 	SBCI R31,HIGH(-@2)
                 	LD   R@0,Z+
                 	LD   R@1,Z
                 	.ENDM
                 
                 	.MACRO __GETBRSX2
                 	MOVW R26,R28
                 	SUBI R26,LOW(-@1)
                 	SBCI R27,HIGH(-@1)
                 	LD   R@0,X
                 	.ENDM
                 
                 	.MACRO __GETWRSX2
                 	MOVW R26,R28
                 	SUBI R26,LOW(-@2)
                 	SBCI R27,HIGH(-@2)
                 	LD   R@0,X+
                 	LD   R@1,X
                 	.ENDM
                 
                 	.MACRO __LSLW8SX
                 	MOVW R30,R28
                 	SUBI R30,LOW(-@0)
                 	SBCI R31,HIGH(-@0)
                 	LD   R31,Z
                 	CLR  R30
                 	.ENDM
                 
                 	.MACRO __PUTB1SX
                 	MOVW R26,R28
                 	SUBI R26,LOW(-@0)
                 	SBCI R27,HIGH(-@0)
                 	ST   X,R30
                 	.ENDM
                 
                 	.MACRO __PUTW1SX
                 	MOVW R26,R28
                 	SUBI R26,LOW(-@0)
                 	SBCI R27,HIGH(-@0)
                 	ST   X+,R30
                 	ST   X,R31
                 	.ENDM
                 
                 	.MACRO __PUTD1SX
                 	MOVW R26,R28
                 	SUBI R26,LOW(-@0)
                 	SBCI R27,HIGH(-@0)
                 	ST   X+,R30
                 	ST   X+,R31
                 	ST   X+,R22
                 	ST   X,R23
                 	.ENDM
                 
                 	.MACRO __CLRW1SX
                 	MOVW R26,R28
                 	SUBI R26,LOW(-@0)
                 	SBCI R27,HIGH(-@0)
                 	ST   X+,R30
                 	ST   X,R30
                 	.ENDM
                 
                 	.MACRO __CLRD1SX
                 	MOVW R26,R28
                 	SUBI R26,LOW(-@0)
                 	SBCI R27,HIGH(-@0)
                 	ST   X+,R30
                 	ST   X+,R30
                 	ST   X+,R30
                 	ST   X,R30
                 	.ENDM
                 
                 	.MACRO __PUTB2SX
                 	MOVW R30,R28
                 	SUBI R30,LOW(-@0)
                 	SBCI R31,HIGH(-@0)
                 	ST   Z,R26
                 	.ENDM
                 
                 	.MACRO __PUTW2SX
                 	MOVW R30,R28
                 	SUBI R30,LOW(-@0)
                 	SBCI R31,HIGH(-@0)
                 	ST   Z+,R26
                 	ST   Z,R27
                 	.ENDM
                 
                 	.MACRO __PUTD2SX
                 	MOVW R30,R28
                 	SUBI R30,LOW(-@0)
                 	SBCI R31,HIGH(-@0)
                 	ST   Z+,R26
                 	ST   Z+,R27
                 	ST   Z+,R24
                 	ST   Z,R25
                 	.ENDM
                 
                 	.MACRO __PUTBSRX
                 	MOVW R30,R28
                 	SUBI R30,LOW(-@1)
                 	SBCI R31,HIGH(-@1)
                 	ST   Z,R@0
                 	.ENDM
                 
                 	.MACRO __PUTWSRX
                 	MOVW R30,R28
                 	SUBI R30,LOW(-@2)
                 	SBCI R31,HIGH(-@2)
                 	ST   Z+,R@0
                 	ST   Z,R@1
                 	.ENDM
                 
                 	.MACRO __PUTB1SNX
                 	MOVW R26,R28
                 	SUBI R26,LOW(-@0)
                 	SBCI R27,HIGH(-@0)
                 	LD   R0,X+
                 	LD   R27,X
                 	MOV  R26,R0
                 	SUBI R26,LOW(-@1)
                 	SBCI R27,HIGH(-@1)
                 	ST   X,R30
                 	.ENDM
                 
                 	.MACRO __PUTW1SNX
                 	MOVW R26,R28
                 	SUBI R26,LOW(-@0)
                 	SBCI R27,HIGH(-@0)
                 	LD   R0,X+
                 	LD   R27,X
                 	MOV  R26,R0
                 	SUBI R26,LOW(-@1)
                 	SBCI R27,HIGH(-@1)
                 	ST   X+,R30
                 	ST   X,R31
                 	.ENDM
                 
                 	.MACRO __PUTD1SNX
                 	MOVW R26,R28
                 	SUBI R26,LOW(-@0)
                 	SBCI R27,HIGH(-@0)
                 	LD   R0,X+
                 	LD   R27,X
                 	MOV  R26,R0
                 	SUBI R26,LOW(-@1)
                 	SBCI R27,HIGH(-@1)
                 	ST   X+,R30
                 	ST   X+,R31
                 	ST   X+,R22
                 	ST   X,R23
                 	.ENDM
                 
                 	.MACRO __MULBRR
                 	MULS R@0,R@1
                 	MOVW R30,R0
                 	.ENDM
                 
                 	.MACRO __MULBRRU
                 	MUL  R@0,R@1
                 	MOVW R30,R0
                 	.ENDM
                 
                 	.MACRO __MULBRR0
                 	MULS R@0,R@1
                 	.ENDM
                 
                 	.MACRO __MULBRRU0
                 	MUL  R@0,R@1
                 	.ENDM
                 
                 	.MACRO __MULBNWRU
                 	LDI  R26,@2
                 	MUL  R26,R@0
                 	MOVW R30,R0
                 	MUL  R26,R@1
                 	ADD  R31,R0
                 	.ENDM
                 
                 ;NAME DEFINITIONS FOR GLOBAL VARIABLES ALLOCATED TO REGISTERS
                 	.DEF _nutSW1=R4
                 	.DEF _nutSW2=R3
                 	.DEF _nutSW1truoc=R6
                 	.DEF _nutSW2truoc=R5
                 	.DEF _demNut1=R8
                 	.DEF _nutSW3=R7
                 	.DEF _nutSW3truoc=R10
                 	.DEF _trangThai=R9
                 
                 ;GPIOR0 INITIALIZATION VALUE
                 	.EQU __GPIOR0_INIT=0x00
                 
                 	.CSEG
                 	.ORG 0x00
                 
                 ;START OF CODE MARKER
                 __START_OF_CODE:
                 
                 ;INTERRUPT VECTORS
000000 940c 0039 	JMP  __RESET
000002 940c 0000 	JMP  0x00
000004 940c 0000 	JMP  0x00
000006 940c 0000 	JMP  0x00
000008 940c 0000 	JMP  0x00
00000a 940c 0000 	JMP  0x00
00000c 940c 0000 	JMP  0x00
00000e 940c 0000 	JMP  0x00
000010 940c 0000 	JMP  0x00
000012 940c 0000 	JMP  0x00
000014 940c 0000 	JMP  0x00
000016 940c 0000 	JMP  0x00
000018 940c 0000 	JMP  0x00
00001a 940c 0000 	JMP  0x00
00001c 940c 0000 	JMP  0x00
00001e 940c 0000 	JMP  0x00
000020 940c 0000 	JMP  0x00
000022 940c 0000 	JMP  0x00
000024 940c 0000 	JMP  0x00
000026 940c 0000 	JMP  0x00
000028 940c 0000 	JMP  0x00
00002a 940c 0000 	JMP  0x00
00002c 940c 0000 	JMP  0x00
00002e 940c 0000 	JMP  0x00
000030 940c 0000 	JMP  0x00
000032 940c 0000 	JMP  0x00
                 
                 ;GLOBAL REGISTER VARIABLES INITIALIZATION
                 __REG_VARS:
D:\Work\Study\TT Lap trinh dieu khien tren O to\CodeVisionAVR\3d_nutnhan\Debug\List\1_outputONOFF.asm(1138): warning: .cseg .db misalignment - padding zero byte
000034 0000      	.DB  0x0
                 
                 
                 __GLOBAL_INI_TBL:
000035 0001      	.DW  0x01
000036 0009      	.DW  0x09
000037 0068      	.DW  __REG_VARS*2
                 
                 _0xFFFFFFFF:
000038 0000      	.DW  0
                 
                 #define __GLOBAL_INI_TBL_PRESENT 1
                 
                 __RESET:
000039 94f8      	CLI
00003a 27ee      	CLR  R30
00003b bbef      	OUT  EECR,R30
                 
                 ;INTERRUPT VECTORS ARE PLACED
                 ;AT THE START OF FLASH
00003c e0f1      	LDI  R31,1
00003d bff5      	OUT  MCUCR,R31
00003e bfe5      	OUT  MCUCR,R30
                 
                 ;CLEAR R2-R14
00003f e08d      	LDI  R24,(14-2)+1
000040 e0a2      	LDI  R26,2
000041 27bb      	CLR  R27
                 __CLEAR_REG:
000042 93ed      	ST   X+,R30
000043 958a      	DEC  R24
000044 f7e9      	BRNE __CLEAR_REG
                 
                 ;CLEAR SRAM
000045 e080      	LDI  R24,LOW(__CLEAR_SRAM_SIZE)
000046 e098      	LDI  R25,HIGH(__CLEAR_SRAM_SIZE)
000047 e0a0      	LDI  R26,LOW(__SRAM_START)
000048 e0b1      	LDI  R27,HIGH(__SRAM_START)
                 __CLEAR_SRAM:
000049 93ed      	ST   X+,R30
00004a 9701      	SBIW R24,1
00004b f7e9      	BRNE __CLEAR_SRAM
                 
                 ;GLOBAL VARIABLES INITIALIZATION
00004c e6ea      	LDI  R30,LOW(__GLOBAL_INI_TBL*2)
00004d e0f0      	LDI  R31,HIGH(__GLOBAL_INI_TBL*2)
                 __GLOBAL_INI_NEXT:
00004e 9185      	LPM  R24,Z+
00004f 9195      	LPM  R25,Z+
000050 9700      	SBIW R24,0
000051 f061      	BREQ __GLOBAL_INI_END
000052 91a5      	LPM  R26,Z+
000053 91b5      	LPM  R27,Z+
000054 9005      	LPM  R0,Z+
000055 9015      	LPM  R1,Z+
000056 01bf      	MOVW R22,R30
000057 01f0      	MOVW R30,R0
                 __GLOBAL_INI_LOOP:
000058 9005      	LPM  R0,Z+
000059 920d      	ST   X+,R0
00005a 9701      	SBIW R24,1
00005b f7e1      	BRNE __GLOBAL_INI_LOOP
00005c 01fb      	MOVW R30,R22
00005d cff0      	RJMP __GLOBAL_INI_NEXT
                 __GLOBAL_INI_END:
                 
                 ;GPIOR0 INITIALIZATION
00005e e0e0      	LDI  R30,__GPIOR0_INIT
00005f bbee      	OUT  GPIOR0,R30
                 
                 ;HARDWARE STACK POINTER INITIALIZATION
000060 efef      	LDI  R30,LOW(__SRAM_END-__HEAP_SIZE)
000061 bfed      	OUT  SPL,R30
000062 e0e8      	LDI  R30,HIGH(__SRAM_END-__HEAP_SIZE)
000063 bfee      	OUT  SPH,R30
                 
                 ;DATA STACK POINTER INITIALIZATION
000064 e0c0      	LDI  R28,LOW(__SRAM_START+__DSTACK_SIZE)
000065 e0d3      	LDI  R29,HIGH(__SRAM_START+__DSTACK_SIZE)
                 
000066 940c 00cb 	JMP  _main
                 
                 	.ESEG
                 	.ORG 0
                 
                 	.DSEG
                 	.ORG 0x300
                 
                 	.CSEG
                 ;#include <mega328p.h>
                 	#ifndef __SLEEP_DEFINED__
                 	#define __SLEEP_DEFINED__
                 	.EQU __se_bit=0x01
                 	.EQU __sm_mask=0x0E
                 	.EQU __sm_adc_noise_red=0x02
                 	.EQU __sm_powerdown=0x04
                 	.EQU __sm_powersave=0x06
                 	.EQU __sm_standby=0x0C
                 	.EQU __sm_ext_standby=0x0E
                 	.SET power_ctrl_reg=smcr
                 	#endif
                 ;#include <delay.h>
                 ;
                 ;//--7 SEGMENT LED--
                 ;#define LEDa PORTD.6  // Segment a -> PORTD pin 6
                 ;#define LEDb PORTB.0  // Segment b -> PORTB pin 0
                 ;#define LEDc PORTB.1  // Segment c -> PORTB pin 1
                 ;#define LEDd PORTD.5  // Segment d -> PORTD pin 5
                 ;#define LEDe PORTB.2  // Segment e -> PORTB pin 2
                 ;#define LEDf PORTB.3  // Segment f -> PORTB pin 3
                 ;#define LEDg PORTB.4  // Segment g -> PORTB pin 4
                 ;
                 ;// Segment patterns for digits 0..9 (order: a,b,c,d,e,f,g)
                 ;const unsigned char digit[10][7] = {
                 ;    {1,1,1,1,1,1,0}, // 0
                 ;    {0,1,1,0,0,0,0}, // 1
                 ;    {1,1,0,1,1,0,1}, // 2
                 ;    {1,1,1,1,0,0,1}, // 3
                 ;    {0,1,1,0,0,1,1}, // 4
                 ;    {1,0,1,1,0,1,1}, // 5
                 ;    {1,0,1,1,1,1,1}, // 6
                 ;    {1,1,1,0,0,0,0}, // 7
                 ;    {1,1,1,1,1,1,1}, // 8
                 ;    {1,1,1,1,0,1,1}, // 9
                 ;};
                 ;//------------------------------------------------------------------------------------------
                 ;unsigned char nutSW1, nutSW2, nutSW1truoc, nutSW2truoc;  // Variables to hold the state of the switches
                 ;unsigned char demNut1; // Variable to hold the count of button presses for switch 1 and switch 2
                 ;unsigned char nutSW3, nutSW3truoc; // Switch 3 (PORTC.0) state + previous state
                 ;unsigned char trangThai = 0;           // 0 = system OFF, 1 = system ON
                 ;//------------------------------------------------------------------------------------------
                 ;
                 ;// Function to display a digit on the 7-segment LED
                 ;void Display7SEGMENT(unsigned char num)
                 ; 0000 0023 {
                 
                 	.CSEG
                 _Display7SEGMENT:
                 ; .FSTART _Display7SEGMENT
                 ; 0000 0024 //     LEDa = digit[num][0];
                 ; 0000 0025 //     LEDb = digit[num][1];
                 ; 0000 0026 //     LEDc = digit[num][2];
                 ; 0000 0027 //     LEDd = digit[num][3];
                 ; 0000 0028 //     LEDe = digit[num][4];
                 ; 0000 0029 //     LEDf = digit[num][5];
                 ; 0000 002A //     LEDg = digit[num][6];
                 ; 0000 002B     if (num == 0 ) { LEDa = 1; LEDb = 1; LEDc = 1; LEDd = 1; LEDe = 1; LEDf = 1; LEDg = 0; }
000068 93aa      	ST   -Y,R26
                 ;	num -> Y+0
000069 81e8      	LD   R30,Y
00006a 30e0      	CPI  R30,0
00006b f421      	BRNE _0x3
00006c d0c1      	RCALL SUBOPT_0x0
00006d 9a2a      	SBI  0x5,2
00006e 9a2b      	SBI  0x5,3
00006f 982c      	CBI  0x5,4
                 ; 0000 002C     if (num == 1 ) { LEDa = 0; LEDb = 1; LEDc = 1; LEDd = 0; LEDe = 0; LEDf = 0; LEDg = 0; }
                 _0x3:
000070 81a8      	LD   R26,Y
000071 30a1      	CPI  R26,LOW(0x1)
000072 f421      	BRNE _0x12
000073 985e      	CBI  0xB,6
000074 d0be      	RCALL SUBOPT_0x1
000075 982b      	CBI  0x5,3
000076 982c      	CBI  0x5,4
                 ; 0000 002D     if (num == 2 ) { LEDa = 1; LEDb = 1; LEDc = 0; LEDd = 1; LEDe = 1; LEDf = 0; LEDg = 1; }
                 _0x12:
000077 81a8      	LD   R26,Y
000078 30a2      	CPI  R26,LOW(0x2)
000079 f439      	BRNE _0x21
00007a 9a5e      	SBI  0xB,6
00007b 9a28      	SBI  0x5,0
00007c 9829      	CBI  0x5,1
00007d 9a5d      	SBI  0xB,5
00007e 9a2a      	SBI  0x5,2
00007f 982b      	CBI  0x5,3
000080 9a2c      	SBI  0x5,4
                 ; 0000 002E     if (num == 3 ) { LEDa = 1; LEDb = 1; LEDc = 1; LEDd = 1; LEDe = 0; LEDf = 0; LEDg = 1; }
                 _0x21:
000081 81a8      	LD   R26,Y
000082 30a3      	CPI  R26,LOW(0x3)
000083 f421      	BRNE _0x30
000084 d0a9      	RCALL SUBOPT_0x0
000085 982a      	CBI  0x5,2
000086 982b      	CBI  0x5,3
000087 9a2c      	SBI  0x5,4
                 ; 0000 002F     if (num == 4 ) { LEDa = 0; LEDb = 1; LEDc = 1; LEDd = 0; LEDe = 0; LEDf = 1; LEDg = 1; }
                 _0x30:
000088 81a8      	LD   R26,Y
000089 30a4      	CPI  R26,LOW(0x4)
00008a f421      	BRNE _0x3F
00008b 985e      	CBI  0xB,6
00008c d0a6      	RCALL SUBOPT_0x1
00008d 9a2b      	SBI  0x5,3
00008e 9a2c      	SBI  0x5,4
                 ; 0000 0030     if (num == 5 ) { LEDa = 1; LEDb = 0; LEDc = 1; LEDd = 1; LEDe = 0; LEDf = 1; LEDg = 1; }
                 _0x3F:
00008f 81a8      	LD   R26,Y
000090 30a5      	CPI  R26,LOW(0x5)
000091 f439      	BRNE _0x4E
000092 9a5e      	SBI  0xB,6
000093 9828      	CBI  0x5,0
000094 9a29      	SBI  0x5,1
000095 9a5d      	SBI  0xB,5
000096 982a      	CBI  0x5,2
000097 9a2b      	SBI  0x5,3
000098 9a2c      	SBI  0x5,4
                 ; 0000 0031     if (num == 6 ) { LEDa = 1; LEDb = 0; LEDc = 1; LEDd = 1; LEDe = 1; LEDf = 1; LEDg = 1; }
                 _0x4E:
000099 81a8      	LD   R26,Y
00009a 30a6      	CPI  R26,LOW(0x6)
00009b f439      	BRNE _0x5D
00009c 9a5e      	SBI  0xB,6
00009d 9828      	CBI  0x5,0
00009e 9a29      	SBI  0x5,1
00009f 9a5d      	SBI  0xB,5
0000a0 9a2a      	SBI  0x5,2
0000a1 9a2b      	SBI  0x5,3
0000a2 9a2c      	SBI  0x5,4
                 ; 0000 0032     if (num == 7 ) { LEDa = 1; LEDb = 1; LEDc = 1; LEDd = 0; LEDe = 0; LEDf = 0; LEDg = 0; }
                 _0x5D:
0000a3 81a8      	LD   R26,Y
0000a4 30a7      	CPI  R26,LOW(0x7)
0000a5 f421      	BRNE _0x6C
0000a6 9a5e      	SBI  0xB,6
0000a7 d08b      	RCALL SUBOPT_0x1
0000a8 982b      	CBI  0x5,3
0000a9 982c      	CBI  0x5,4
                 ; 0000 0033     if (num == 8 ) { LEDa = 1; LEDb = 1; LEDc = 1; LEDd = 1; LEDe = 1; LEDf = 1; LEDg = 1; }
                 _0x6C:
0000aa 81a8      	LD   R26,Y
0000ab 30a8      	CPI  R26,LOW(0x8)
0000ac f421      	BRNE _0x7B
0000ad d080      	RCALL SUBOPT_0x0
0000ae 9a2a      	SBI  0x5,2
0000af 9a2b      	SBI  0x5,3
0000b0 9a2c      	SBI  0x5,4
                 ; 0000 0034     if (num == 9 ) { LEDa = 1; LEDb = 1; LEDc = 1; LEDd = 1; LEDe = 0; LEDf = 1; LEDg = 1; }
                 _0x7B:
0000b1 81a8      	LD   R26,Y
0000b2 30a9      	CPI  R26,LOW(0x9)
0000b3 f421      	BRNE _0x8A
0000b4 d079      	RCALL SUBOPT_0x0
0000b5 982a      	CBI  0x5,2
0000b6 9a2b      	SBI  0x5,3
0000b7 9a2c      	SBI  0x5,4
                 ; 0000 0035 
                 ; 0000 0036     if (num == 16) { LEDa = 0; LEDb = 0; LEDc = 0; LEDd = 0; LEDe = 0; LEDf = 0; LEDg = 0; }
                 _0x8A:
0000b8 81a8      	LD   R26,Y
0000b9 31a0      	CPI  R26,LOW(0x10)
0000ba f439      	BRNE _0x99
0000bb 985e      	CBI  0xB,6
0000bc 9828      	CBI  0x5,0
0000bd 9829      	CBI  0x5,1
0000be 985d      	CBI  0xB,5
0000bf 982a      	CBI  0x5,2
0000c0 982b      	CBI  0x5,3
0000c1 982c      	CBI  0x5,4
                 ; 0000 0037     if (num == 20) { LEDa = 1; LEDb = 1; LEDc = 1; LEDd = 1; LEDe = 1; LEDf = 1; LEDg = 1; }
                 _0x99:
0000c2 81a8      	LD   R26,Y
0000c3 31a4      	CPI  R26,LOW(0x14)
0000c4 f421      	BRNE _0xA8
0000c5 d068      	RCALL SUBOPT_0x0
0000c6 9a2a      	SBI  0x5,2
0000c7 9a2b      	SBI  0x5,3
0000c8 9a2c      	SBI  0x5,4
                 ; 0000 0038 }
                 _0xA8:
0000c9 9621      	ADIW R28,1
0000ca 9508      	RET
                 ; .FEND
                 ;
                 ;//  Turn off all segments of the 7-segment LED
                 ;// void turn_off_segments()
                 ;// {
                 ;//       LEDa = 0; LEDb = 0; LEDc = 0; LEDd = 0; LEDe = 0; LEDf = 0; LEDg = 0;
                 ;// }
                 ;
                 ;void main(void)
                 ; 0000 0041 {
                 _main:
                 ; .FSTART _main
                 ; 0000 0042     // Crystal Oscillator division factor: 1
                 ; 0000 0043     #pragma optsize-
                 ; 0000 0044     CLKPR = (1<<CLKPCE);
0000cb e8e0      	LDI  R30,LOW(128)
0000cc 93e0 0061 	STS  97,R30
                 ; 0000 0045     CLKPR = (0<<CLKPCE) | (0<<CLKPS3) | (0<<CLKPS2) | (0<<CLKPS1) | (0<<CLKPS0);
0000ce e0e0      	LDI  R30,LOW(0)
0000cf 93e0 0061 	STS  97,R30
                 ; 0000 0046     #ifdef _OPTIMIZE_SIZE_
                 ; 0000 0047     #pragma optsize+
                 ; 0000 0048     #endif
                 ; 0000 0049 
                 ; 0000 004A     DDRD.6 = 1; // Set PORTD pin 6 as output (Segment a)
0000d1 9a56      	SBI  0xA,6
                 ; 0000 004B     DDRB.0 = 1; // Set PORTB pin 0 as output (Segment b)
0000d2 9a20      	SBI  0x4,0
                 ; 0000 004C     DDRB.1 = 1; // Set PORTB pin 1 as output (Segment c)
0000d3 9a21      	SBI  0x4,1
                 ; 0000 004D     DDRD.5 = 1; // Set PORTD pin 5 as output (Segment d)
0000d4 9a55      	SBI  0xA,5
                 ; 0000 004E     DDRB.2 = 1; // Set PORTB pin 2 as output (Segment e)
0000d5 9a22      	SBI  0x4,2
                 ; 0000 004F     DDRB.3 = 1; // Set PORTB pin 3 as output (Segment f)
0000d6 9a23      	SBI  0x4,3
                 ; 0000 0050     DDRB.4 = 1; // Set PORTB pin 4 as output (Segment g)
0000d7 9a24      	SBI  0x4,4
                 ; 0000 0051 
                 ; 0000 0052     DDRD.4 = 0; // Set PORTD pin 4 as input (LED ON/OFF control)
0000d8 9854      	CBI  0xA,4
                 ; 0000 0053     PORTD.4 = 1; // Enable pull-up resistor on PORTD pin 4
0000d9 9a5c      	SBI  0xB,4
                 ; 0000 0054     DDRD.7 = 0; // Set PORTD pin 7 as input (LED ON/OFF control)
0000da 9857      	CBI  0xA,7
                 ; 0000 0055     PORTD.7 = 1; // Enable pull-up resistor on PORTD pin 7
0000db 9a5f      	SBI  0xB,7
                 ; 0000 0056 
                 ; 0000 0057     DDRC.0 = 0; // Set PORTC pin 0 as input (power button)
0000dc 9838      	CBI  0x7,0
                 ; 0000 0058     PORTC.0 = 1; // Enable pull-up resistor on PORTC pin 0
0000dd 9a40      	SBI  0x8,0
                 ; 0000 0059 
                 ; 0000 005A     Display7SEGMENT(20); // Turn on all segments
0000de e1a4      	LDI  R26,LOW(20)
0000df df88      	RCALL _Display7SEGMENT
                 ; 0000 005B     delay_ms(1000);     // Wait for 1000 ms
0000e0 eea8      	LDI  R26,LOW(1000)
0000e1 e0b3      	LDI  R27,HIGH(1000)
0000e2 940e 0141 	CALL _delay_ms
                 ; 0000 005C     Display7SEGMENT(16); // Turn off all segments
0000e4 e1a0      	LDI  R26,LOW(16)
0000e5 df82      	RCALL _Display7SEGMENT
                 ; 0000 005D     delay_ms(500);     // Wait for 500 ms
0000e6 efa4      	LDI  R26,LOW(500)
0000e7 e0b1      	LDI  R27,HIGH(500)
0000e8 940e 0141 	CALL _delay_ms
                 ; 0000 005E 
                 ; 0000 005F     nutSW1 = PIND.4; // Read the state of switch 1 (PORTD pin 4)
0000ea d04d      	RCALL SUBOPT_0x2
                 ; 0000 0060     nutSW2 = PIND.7; // Read the state of switch 2 (PORTD pin 7)
                 ; 0000 0061     nutSW1truoc = nutSW1; // Store the initial state of switch 1
0000eb 2c64      	MOV  R6,R4
                 ; 0000 0062     nutSW2truoc = nutSW2; // Store the initial state of switch 2
0000ec 2c53      	MOV  R5,R3
                 ; 0000 0063     nutSW3 = PINC.0; // Read the initial state of switch 3 (PORTC pin 0)
0000ed e0e0      	LDI  R30,0
0000ee 9930      	SBIC 0x6,0
0000ef e0e1      	LDI  R30,1
0000f0 2e7e      	MOV  R7,R30
                 ; 0000 0064     nutSW3truoc = nutSW3; // Store the initial state of switch 3
0000f1 2ca7      	MOV  R10,R7
                 ; 0000 0065 
                 ; 0000 0066     while (1)
                 _0xD1:
                 ; 0000 0067     {
                 ; 0000 0068         nutSW1truoc = nutSW1; // Store the previous state of switch 1
0000f2 2c64      	MOV  R6,R4
                 ; 0000 0069         nutSW2truoc = nutSW2; // Store the previous state of switch 2
0000f3 2c53      	MOV  R5,R3
                 ; 0000 006A         nutSW1 = PIND.4; // Read the state of switch 1 (PORTD pin 4)
0000f4 d043      	RCALL SUBOPT_0x2
                 ; 0000 006B         nutSW2 = PIND.7; // Read the state of switch 2 (PORTD pin 7)
                 ; 0000 006C 
                 ; 0000 006D         nutSW3truoc = nutSW3; // Store the previous state of switch 3
0000f5 2ca7      	MOV  R10,R7
                 ; 0000 006E         nutSW3 = PINC.0; // Read the state of switch 3 (PORTC pin 0)
0000f6 e0e0      	LDI  R30,0
0000f7 9930      	SBIC 0x6,0
0000f8 e0e1      	LDI  R30,1
0000f9 2e7e      	MOV  R7,R30
                 ; 0000 006F 
                 ; 0000 0070         if (nutSW3 == 0 && nutSW3truoc == 1) // Falling edge = switch 3 pressed
0000fa 2077      	TST  R7
0000fb f419      	BRNE _0xD5
0000fc e0e1      	LDI  R30,LOW(1)
0000fd 15ea      	CP   R30,R10
0000fe f009      	BREQ _0xD6
                 _0xD5:
0000ff c00a      	RJMP _0xD4
                 _0xD6:
                 ; 0000 0071         {
                 ; 0000 0072             trangThai = !trangThai;              // Latch ON <-> OFF
000100 2de9      	MOV  R30,R9
000101 940e 014b 	CALL __LNEGB1
000103 2e9e      	MOV  R9,R30
                 ; 0000 0073             if (trangThai) Display7SEGMENT(demNut1); // ON: show last count
000104 2099      	TST  R9
000105 f011      	BREQ _0xD7
000106 2da8      	MOV  R26,R8
000107 c001      	RJMP _0xE5
                 ; 0000 0074             else Display7SEGMENT(16);                // OFF: blank display
                 _0xD7:
000108 e1a0      	LDI  R26,LOW(16)
                 _0xE5:
000109 df5e      	RCALL _Display7SEGMENT
                 ; 0000 0075         }
                 ; 0000 0076 
                 ; 0000 0077         if (trangThai) // SW1/SW2 only work when the system is ON
                 _0xD4:
00010a 2099      	TST  R9
00010b f0e1      	BREQ _0xD9
                 ; 0000 0078         {
                 ; 0000 0079             if (nutSW2 == 0 && nutSW2truoc == 1) // If PORTD pin 7 is LOW (button pressed) and was HIGH before
00010c 2033      	TST  R3
00010d f419      	BRNE _0xDB
00010e e0e1      	LDI  R30,LOW(1)
00010f 15e5      	CP   R30,R5
000110 f009      	BREQ _0xDC
                 _0xDB:
000111 c008      	RJMP _0xDA
                 _0xDC:
                 ; 0000 007A             {
                 ; 0000 007B                 if (demNut1 == 9) demNut1 = 0; // Reset count to 0 if it exceeds 9
000112 e0e9      	LDI  R30,LOW(9)
000113 15e8      	CP   R30,R8
000114 f411      	BRNE _0xDD
000115 2488      	CLR  R8
                 ; 0000 007C                 else demNut1++; // Increment the count of button presses for switch 2
000116 c001      	RJMP _0xDE
                 _0xDD:
000117 9483      	INC  R8
                 ; 0000 007D                 Display7SEGMENT(demNut1); // Display the count on the 7-segment LED
                 _0xDE:
000118 2da8      	MOV  R26,R8
000119 df4e      	RCALL _Display7SEGMENT
                 ; 0000 007E             }
                 ; 0000 007F             if (nutSW1 == 0 && nutSW1truoc == 1) // If PORTD pin 4 is LOW (button pressed) and was HIGH before
                 _0xDA:
00011a 2044      	TST  R4
00011b f419      	BRNE _0xE0
00011c e0e1      	LDI  R30,LOW(1)
00011d 15e6      	CP   R30,R6
00011e f009      	BREQ _0xE1
                 _0xE0:
00011f c008      	RJMP _0xDF
                 _0xE1:
                 ; 0000 0080             {
                 ; 0000 0081                 if (demNut1 == 0) demNut1 = 9; // Reset count to 9 if it goes below 0
000120 2088      	TST  R8
000121 f419      	BRNE _0xE2
000122 e0e9      	LDI  R30,LOW(9)
000123 2e8e      	MOV  R8,R30
                 ; 0000 0082                 else demNut1--; // Decrement the count of button presses for switch 1
000124 c001      	RJMP _0xE3
                 _0xE2:
000125 948a      	DEC  R8
                 ; 0000 0083                 Display7SEGMENT(demNut1); // Display the count on the 7-segment LED
                 _0xE3:
000126 2da8      	MOV  R26,R8
000127 df40      	RCALL _Display7SEGMENT
                 ; 0000 0084             }
                 ; 0000 0085         }
                 _0xDF:
                 ; 0000 0086 
                 ; 0000 0087 
                 ; 0000 0088         delay_ms(20); // Wait for 20 ms to debounce the button press
                 _0xD9:
000128 e1a4      	LDI  R26,LOW(20)
000129 e0b0      	LDI  R27,0
00012a 940e 0141 	CALL _delay_ms
                 ; 0000 0089     }
00012c cfc5      	RJMP _0xD1
                 ; 0000 008A }
                 _0xE4:
00012d cfff      	RJMP _0xE4
                 ; .FEND
                 
                 	.CSEG
                 ;OPTIMIZER ADDED SUBROUTINE, CALLED 5 TIMES, CODE SIZE REDUCTION:5 WORDS
                 SUBOPT_0x0:
00012e 9a5e      	SBI  0xB,6
00012f 9a28      	SBI  0x5,0
000130 9a29      	SBI  0x5,1
000131 9a5d      	SBI  0xB,5
000132 9508      	RET
                 
                 ;OPTIMIZER ADDED SUBROUTINE, CALLED 3 TIMES, CODE SIZE REDUCTION:1 WORDS
                 SUBOPT_0x1:
000133 9a28      	SBI  0x5,0
000134 9a29      	SBI  0x5,1
000135 985d      	CBI  0xB,5
000136 982a      	CBI  0x5,2
000137 9508      	RET
                 
                 ;OPTIMIZER ADDED SUBROUTINE, CALLED 2 TIMES, CODE SIZE REDUCTION:3 WORDS
                 SUBOPT_0x2:
000138 e0e0      	LDI  R30,0
000139 994c      	SBIC 0x9,4
00013a e0e1      	LDI  R30,1
00013b 2e4e      	MOV  R4,R30
00013c e0e0      	LDI  R30,0
00013d 994f      	SBIC 0x9,7
00013e e0e1      	LDI  R30,1
00013f 2e3e      	MOV  R3,R30
000140 9508      	RET
                 
                 
                 	.CSEG
                 _delay_ms:
000141 9610      	adiw r26,0
000142 f039      	breq __delay_ms1
                 __delay_ms0:
                +
000143 ea80     +LDI R24 , LOW ( 0xFA0 )
000144 e09f     +LDI R25 , HIGH ( 0xFA0 )
                +__DELAY_USW_LOOP :
000145 9701     +SBIW R24 , 1
000146 f7f1     +BRNE __DELAY_USW_LOOP
                 	__DELAY_USW 0xFA0
000147 95a8      	wdr
000148 9711      	sbiw r26,1
000149 f7c9      	brne __delay_ms0
                 __delay_ms1:
00014a 9508      	ret
                 
                 __LNEGB1:
00014b 23ee      	TST  R30
00014c e0e1      	LDI  R30,1
00014d f009      	BREQ __LNEGB1F
00014e 27ee      	CLR  R30
                 __LNEGB1F:
00014f 9508      	RET
                 
                 ;END OF CODE MARKER
                 __END_OF_CODE:


RESOURCE USE INFORMATION
------------------------

Notice:
The register and instruction counts are symbol table hit counts,
and hence implicitly used resources are not counted, eg, the
'lpm' instruction without operands implicitly uses r0 and z,
none of which are counted.

x,y,z are separate entities in the symbol table and are
counted separately from r26..r31 here.

.dseg memory usage only counts static data declared with .byte

ATmega328P register use summary:
r0 :   4 r1 :   1 r2 :   0 r3 :   4 r4 :   4 r5 :   3 r6 :   3 r7 :   5 
r8 :   9 r9 :   4 r10:   3 r11:   0 r12:   0 r13:   0 r14:   0 r15:   0 
r16:   0 r17:   0 r18:   0 r19:   0 r20:   0 r21:   0 r22:   2 r23:   0 
r24:   9 r25:   3 r26:  37 r27:   6 r28:   2 r29:   1 r30:  48 r31:   3 
x  :   3 y  :  13 z  :   7 
Registers used: 22 out of 35 (62.9%)

ATmega328P instruction use summary:
.lds  :   0 .lds.l:   0 .sts  :   0 .sts.l:   0 adc   :   0 add   :   0 
adiw  :   2 and   :   0 andi  :   0 asr   :   0 bclr  :   0 bld   :   0 
brbc  :   0 brbs  :   0 brcc  :   0 brcs  :   0 break :   0 breq  :   8 
brge  :   0 brhc  :   0 brhs  :   0 brid  :   0 brie  :   0 brlo  :   0 
brlt  :   0 brmi  :   0 brne  :  22 brpl  :   0 brsh  :   0 brtc  :   0 
brts  :   0 brvc  :   0 brvs  :   0 bset  :   0 bst   :   0 call  :   4 
cbi   :  27 cbr   :   0 clc   :   0 clh   :   0 cli   :   1 cln   :   0 
clr   :   4 cls   :   0 clt   :   0 clv   :   0 clz   :   0 com   :   0 
cp    :   4 cpc   :   0 cpi   :  12 cpse  :   0 dec   :   2 des   :   0 
eor   :   0 fmul  :   0 fmuls :   0 fmulsu:   0 icall :   0 ijmp  :   0 
in    :   0 inc   :   1 jmp   :  27 ld    :  12 ldd   :   0 ldi   :  41 
lds   :   0 lpm   :   7 lsl   :   0 lsr   :   0 mov   :  16 movw  :   3 
mul   :   0 muls  :   0 mulsu :   0 neg   :   0 nop   :   0 or    :   0 
ori   :   0 out   :   6 pop   :   0 push  :   0 rcall :  15 ret   :   6 
reti  :   0 rjmp  :   9 rol   :   0 ror   :   0 sbc   :   0 sbci  :   0 
sbi   :  46 sbic  :   4 sbis  :   0 sbiw  :   5 sbr   :   0 sbrc  :   0 
sbrs  :   0 sec   :   0 seh   :   0 sei   :   0 sen   :   0 ser   :   0 
ses   :   0 set   :   0 sev   :   0 sez   :   0 sleep :   0 spm   :   0 
st    :   4 std   :   0 sts   :   2 sub   :   0 subi  :   0 swap  :   0 
tst   :   7 wdr   :   1 
Instructions used: 28 out of 116 (24.1%)

ATmega328P memory use summary [bytes]:
Segment   Begin    End      Code   Data   Used    Size   Use%
---------------------------------------------------------------
[.cseg] 0x000000 0x0002a0    662     10    672   32768   2.1%
[.dseg] 0x000100 0x000300      0      0      0    2048   0.0%
[.eseg] 0x000000 0x000000      0      0      0    1024   0.0%

Assembly complete, 0 errors, 9 warnings
