RAM Allocation [bytes]
Variable                                                                          Address   Size
------------------------------------------------------------------------------------------------

EEPROM Allocation [bytes]
Variable                                                                          Address   Size
------------------------------------------------------------------------------------------------

Register Allocation
Variable                                                                          Register  Size
------------------------------------------------------------------------------------------------
nutSW1                                                                            R4           1
nutSW2                                                                            R3           1
nutSW1truoc                                                                       R6           1
nutSW2truoc                                                                       R5           1
demNut1                                                                           R8           1
nutPower                                                                          R7           1
nutPowerTruoc                                                                     R10          1
trangThai                                                                         R9           1

FLASH Allocation [words]
Function                                                                          Address   Size
------------------------------------------------------------------------------------------------
Display7SEGMENT                                                                   0x00068     99
main                                                                              0x000CB     99
