
AVRASM ver. 2.1.30  D:\Work\Study\TT Lap trinh dieu khien tren O to\CodeVisionAVR\4b_UARTnut\Debug\List\1_outputONOFF.asm Fri Aug 21 13:35:06 2026

D:\Work\Study\TT Lap trinh dieu khien tren O to\CodeVisionAVR\4b_UARTnut\Debug\List\1_outputONOFF.asm(1090): warning: Register r4 already defined by the .DEF directive
D:\Work\Study\TT Lap trinh dieu khien tren O to\CodeVisionAVR\4b_UARTnut\Debug\List\1_outputONOFF.asm(1091): warning: Register r3 already defined by the .DEF directive
D:\Work\Study\TT Lap trinh dieu khien tren O to\CodeVisionAVR\4b_UARTnut\Debug\List\1_outputONOFF.asm(1092): warning: Register r6 already defined by the .DEF directive
D:\Work\Study\TT Lap trinh dieu khien tren O to\CodeVisionAVR\4b_UARTnut\Debug\List\1_outputONOFF.asm(1093): warning: Register r5 already defined by the .DEF directive
D:\Work\Study\TT Lap trinh dieu khien tren O to\CodeVisionAVR\4b_UARTnut\Debug\List\1_outputONOFF.asm(1094): warning: Register r8 already defined by the .DEF directive
D:\Work\Study\TT Lap trinh dieu khien tren O to\CodeVisionAVR\4b_UARTnut\Debug\List\1_outputONOFF.asm(1095): warning: Register r7 already defined by the .DEF directive
D:\Work\Study\TT Lap trinh dieu khien tren O to\CodeVisionAVR\4b_UARTnut\Debug\List\1_outputONOFF.asm(1096): warning: Register r10 already defined by the .DEF directive
D:\Work\Study\TT Lap trinh dieu khien tren O to\CodeVisionAVR\4b_UARTnut\Debug\List\1_outputONOFF.asm(1097): warning: Register r9 already defined by the .DEF directive
D:\Work\Study\TT Lap trinh dieu khien tren O to\CodeVisionAVR\4b_UARTnut\Debug\List\1_outputONOFF.asm(1098): warning: Register r12 already defined by the .DEF directive
D:\Work\Study\TT Lap trinh dieu khien tren O to\CodeVisionAVR\4b_UARTnut\Debug\List\1_outputONOFF.asm(1099): warning: Register r11 already defined by the .DEF directive
D:\Work\Study\TT Lap trinh dieu khien tren O to\CodeVisionAVR\4b_UARTnut\Debug\List\1_outputONOFF.asm(1100): warning: Register r14 already defined by the .DEF directive
D:\Work\Study\TT Lap trinh dieu khien tren O to\CodeVisionAVR\4b_UARTnut\Debug\List\1_outputONOFF.asm(1101): warning: Register r13 already defined by the .DEF directive
                 
                 
                 ;CodeVisionAVR C Compiler V3.12 Advanced
                 ;(C) Copyright 1998-2014 Pavel Haiduc, HP InfoTech s.r.l.
                 ;http://www.hpinfotech.com
                 
                 ;Build configuration    : Debug
                 ;Chip type              : ATmega328P
                 ;Program type           : Application
                 ;Clock frequency        : 16,000000 MHz
                 ;Memory model           : Small
                 ;Optimize for           : Size
                 ;(s)printf features     : int, width
                 ;(s)scanf features      : int, width
                 ;External RAM size      : 0
                 ;Data Stack size        : 512 byte(s)
                 ;Heap size              : 0 byte(s)
                 ;Promote 'char' to 'int': Yes
                 ;'char' is unsigned     : Yes
                 ;8 bit enums            : Yes
                 ;Global 'const' stored in FLASH: Yes
                 ;Enhanced function parameter passing: Yes
                 ;Enhanced core instructions: On
                 ;Automatic register allocation for global variables: On
                 ;Smart register allocation: On
                 
                 	#define _MODEL_SMALL_
                 
                 	#pragma AVRPART ADMIN PART_NAME ATmega328P
                 	#pragma AVRPART MEMORY PROG_FLASH 32768
                 	#pragma AVRPART MEMORY EEPROM 1024
                 	#pragma AVRPART MEMORY INT_SRAM SIZE 2048
                 	#pragma AVRPART MEMORY INT_SRAM START_ADDR 0x100
                 
                 	#define CALL_SUPPORTED 1
                 
                 	.LISTMAC
                 	.EQU EERE=0x0
                 	.EQU EEWE=0x1
                 	.EQU EEMWE=0x2
                 	.EQU UDRE=0x5
                 	.EQU RXC=0x7
                 	.EQU EECR=0x1F
                 	.EQU EEDR=0x20
                 	.EQU EEARL=0x21
                 	.EQU EEARH=0x22
                 	.EQU SPSR=0x2D
                 	.EQU SPDR=0x2E
                 	.EQU SMCR=0x33
                 	.EQU MCUSR=0x34
                 	.EQU MCUCR=0x35
                 	.EQU WDTCSR=0x60
                 	.EQU UCSR0A=0xC0
                 	.EQU UDR0=0xC6
                 	.EQU SPL=0x3D
                 	.EQU SPH=0x3E
                 	.EQU SREG=0x3F
                 	.EQU GPIOR0=0x1E
                 
                 	.DEF R0X0=R0
                 	.DEF R0X1=R1
                 	.DEF R0X2=R2
                 	.DEF R0X3=R3
                 	.DEF R0X4=R4
                 	.DEF R0X5=R5
                 	.DEF R0X6=R6
                 	.DEF R0X7=R7
                 	.DEF R0X8=R8
                 	.DEF R0X9=R9
                 	.DEF R0XA=R10
                 	.DEF R0XB=R11
                 	.DEF R0XC=R12
                 	.DEF R0XD=R13
                 	.DEF R0XE=R14
                 	.DEF R0XF=R15
                 	.DEF R0X10=R16
                 	.DEF R0X11=R17
                 	.DEF R0X12=R18
                 	.DEF R0X13=R19
                 	.DEF R0X14=R20
                 	.DEF R0X15=R21
                 	.DEF R0X16=R22
                 	.DEF R0X17=R23
                 	.DEF R0X18=R24
                 	.DEF R0X19=R25
                 	.DEF R0X1A=R26
                 	.DEF R0X1B=R27
                 	.DEF R0X1C=R28
                 	.DEF R0X1D=R29
                 	.DEF R0X1E=R30
                 	.DEF R0X1F=R31
                 
                 	.EQU __SRAM_START=0x0100
                 	.EQU __SRAM_END=0x08FF
                 	.EQU __DSTACK_SIZE=0x0200
                 	.EQU __HEAP_SIZE=0x0000
                 	.EQU __CLEAR_SRAM_SIZE=__SRAM_END-__SRAM_START+1
                 
                 	.MACRO __CPD1N
                 	CPI  R30,LOW(@0)
                 	LDI  R26,HIGH(@0)
                 	CPC  R31,R26
                 	LDI  R26,BYTE3(@0)
                 	CPC  R22,R26
                 	LDI  R26,BYTE4(@0)
                 	CPC  R23,R26
                 	.ENDM
                 
                 	.MACRO __CPD2N
                 	CPI  R26,LOW(@0)
                 	LDI  R30,HIGH(@0)
                 	CPC  R27,R30
                 	LDI  R30,BYTE3(@0)
                 	CPC  R24,R30
                 	LDI  R30,BYTE4(@0)
                 	CPC  R25,R30
                 	.ENDM
                 
                 	.MACRO __CPWRR
                 	CP   R@0,R@2
                 	CPC  R@1,R@3
                 	.ENDM
                 
                 	.MACRO __CPWRN
                 	CPI  R@0,LOW(@2)
                 	LDI  R30,HIGH(@2)
                 	CPC  R@1,R30
                 	.ENDM
                 
                 	.MACRO __ADDB1MN
                 	SUBI R30,LOW(-@0-(@1))
                 	.ENDM
                 
                 	.MACRO __ADDB2MN
                 	SUBI R26,LOW(-@0-(@1))
                 	.ENDM
                 
                 	.MACRO __ADDW1MN
                 	SUBI R30,LOW(-@0-(@1))
                 	SBCI R31,HIGH(-@0-(@1))
                 	.ENDM
                 
                 	.MACRO __ADDW2MN
                 	SUBI R26,LOW(-@0-(@1))
                 	SBCI R27,HIGH(-@0-(@1))
                 	.ENDM
                 
                 	.MACRO __ADDW1FN
                 	SUBI R30,LOW(-2*@0-(@1))
                 	SBCI R31,HIGH(-2*@0-(@1))
                 	.ENDM
                 
                 	.MACRO __ADDD1FN
                 	SUBI R30,LOW(-2*@0-(@1))
                 	SBCI R31,HIGH(-2*@0-(@1))
                 	SBCI R22,BYTE3(-2*@0-(@1))
                 	.ENDM
                 
                 	.MACRO __ADDD1N
                 	SUBI R30,LOW(-@0)
                 	SBCI R31,HIGH(-@0)
                 	SBCI R22,BYTE3(-@0)
                 	SBCI R23,BYTE4(-@0)
                 	.ENDM
                 
                 	.MACRO __ADDD2N
                 	SUBI R26,LOW(-@0)
                 	SBCI R27,HIGH(-@0)
                 	SBCI R24,BYTE3(-@0)
                 	SBCI R25,BYTE4(-@0)
                 	.ENDM
                 
                 	.MACRO __SUBD1N
                 	SUBI R30,LOW(@0)
                 	SBCI R31,HIGH(@0)
                 	SBCI R22,BYTE3(@0)
                 	SBCI R23,BYTE4(@0)
                 	.ENDM
                 
                 	.MACRO __SUBD2N
                 	SUBI R26,LOW(@0)
                 	SBCI R27,HIGH(@0)
                 	SBCI R24,BYTE3(@0)
                 	SBCI R25,BYTE4(@0)
                 	.ENDM
                 
                 	.MACRO __ANDBMNN
                 	LDS  R30,@0+(@1)
                 	ANDI R30,LOW(@2)
                 	STS  @0+(@1),R30
                 	.ENDM
                 
                 	.MACRO __ANDWMNN
                 	LDS  R30,@0+(@1)
                 	ANDI R30,LOW(@2)
                 	STS  @0+(@1),R30
                 	LDS  R30,@0+(@1)+1
                 	ANDI R30,HIGH(@2)
                 	STS  @0+(@1)+1,R30
                 	.ENDM
                 
                 	.MACRO __ANDD1N
                 	ANDI R30,LOW(@0)
                 	ANDI R31,HIGH(@0)
                 	ANDI R22,BYTE3(@0)
                 	ANDI R23,BYTE4(@0)
                 	.ENDM
                 
                 	.MACRO __ANDD2N
                 	ANDI R26,LOW(@0)
                 	ANDI R27,HIGH(@0)
                 	ANDI R24,BYTE3(@0)
                 	ANDI R25,BYTE4(@0)
                 	.ENDM
                 
                 	.MACRO __ORBMNN
                 	LDS  R30,@0+(@1)
                 	ORI  R30,LOW(@2)
                 	STS  @0+(@1),R30
                 	.ENDM
                 
                 	.MACRO __ORWMNN
                 	LDS  R30,@0+(@1)
                 	ORI  R30,LOW(@2)
                 	STS  @0+(@1),R30
                 	LDS  R30,@0+(@1)+1
                 	ORI  R30,HIGH(@2)
                 	STS  @0+(@1)+1,R30
                 	.ENDM
                 
                 	.MACRO __ORD1N
                 	ORI  R30,LOW(@0)
                 	ORI  R31,HIGH(@0)
                 	ORI  R22,BYTE3(@0)
                 	ORI  R23,BYTE4(@0)
                 	.ENDM
                 
                 	.MACRO __ORD2N
                 	ORI  R26,LOW(@0)
                 	ORI  R27,HIGH(@0)
                 	ORI  R24,BYTE3(@0)
                 	ORI  R25,BYTE4(@0)
                 	.ENDM
                 
                 	.MACRO __DELAY_USB
                 	LDI  R24,LOW(@0)
                 __DELAY_USB_LOOP:
                 	DEC  R24
                 	BRNE __DELAY_USB_LOOP
                 	.ENDM
                 
                 	.MACRO __DELAY_USW
                 	LDI  R24,LOW(@0)
                 	LDI  R25,HIGH(@0)
                 __DELAY_USW_LOOP:
                 	SBIW R24,1
                 	BRNE __DELAY_USW_LOOP
                 	.ENDM
                 
                 	.MACRO __GETD1S
                 	LDD  R30,Y+@0
                 	LDD  R31,Y+@0+1
                 	LDD  R22,Y+@0+2
                 	LDD  R23,Y+@0+3
                 	.ENDM
                 
                 	.MACRO __GETD2S
                 	LDD  R26,Y+@0
                 	LDD  R27,Y+@0+1
                 	LDD  R24,Y+@0+2
                 	LDD  R25,Y+@0+3
                 	.ENDM
                 
                 	.MACRO __PUTD1S
                 	STD  Y+@0,R30
                 	STD  Y+@0+1,R31
                 	STD  Y+@0+2,R22
                 	STD  Y+@0+3,R23
                 	.ENDM
                 
                 	.MACRO __PUTD2S
                 	STD  Y+@0,R26
                 	STD  Y+@0+1,R27
                 	STD  Y+@0+2,R24
                 	STD  Y+@0+3,R25
                 	.ENDM
                 
                 	.MACRO __PUTDZ2
                 	STD  Z+@0,R26
                 	STD  Z+@0+1,R27
                 	STD  Z+@0+2,R24
                 	STD  Z+@0+3,R25
                 	.ENDM
                 
                 	.MACRO __CLRD1S
                 	STD  Y+@0,R30
                 	STD  Y+@0+1,R30
                 	STD  Y+@0+2,R30
                 	STD  Y+@0+3,R30
                 	.ENDM
                 
                 	.MACRO __POINTB1MN
                 	LDI  R30,LOW(@0+(@1))
                 	.ENDM
                 
                 	.MACRO __POINTW1MN
                 	LDI  R30,LOW(@0+(@1))
                 	LDI  R31,HIGH(@0+(@1))
                 	.ENDM
                 
                 	.MACRO __POINTD1M
                 	LDI  R30,LOW(@0)
                 	LDI  R31,HIGH(@0)
                 	LDI  R22,BYTE3(@0)
                 	LDI  R23,BYTE4(@0)
                 	.ENDM
                 
                 	.MACRO __POINTW1FN
                 	LDI  R30,LOW(2*@0+(@1))
                 	LDI  R31,HIGH(2*@0+(@1))
                 	.ENDM
                 
                 	.MACRO __POINTD1FN
                 	LDI  R30,LOW(2*@0+(@1))
                 	LDI  R31,HIGH(2*@0+(@1))
                 	LDI  R22,BYTE3(2*@0+(@1))
                 	LDI  R23,BYTE4(2*@0+(@1))
                 	.ENDM
                 
                 	.MACRO __POINTB2MN
                 	LDI  R26,LOW(@0+(@1))
                 	.ENDM
                 
                 	.MACRO __POINTW2MN
                 	LDI  R26,LOW(@0+(@1))
                 	LDI  R27,HIGH(@0+(@1))
                 	.ENDM
                 
                 	.MACRO __POINTW2FN
                 	LDI  R26,LOW(2*@0+(@1))
                 	LDI  R27,HIGH(2*@0+(@1))
                 	.ENDM
                 
                 	.MACRO __POINTD2FN
                 	LDI  R26,LOW(2*@0+(@1))
                 	LDI  R27,HIGH(2*@0+(@1))
                 	LDI  R24,BYTE3(2*@0+(@1))
                 	LDI  R25,BYTE4(2*@0+(@1))
                 	.ENDM
                 
                 	.MACRO __POINTBRM
                 	LDI  R@0,LOW(@1)
                 	.ENDM
                 
                 	.MACRO __POINTWRM
                 	LDI  R@0,LOW(@2)
                 	LDI  R@1,HIGH(@2)
                 	.ENDM
                 
                 	.MACRO __POINTBRMN
                 	LDI  R@0,LOW(@1+(@2))
                 	.ENDM
                 
                 	.MACRO __POINTWRMN
                 	LDI  R@0,LOW(@2+(@3))
                 	LDI  R@1,HIGH(@2+(@3))
                 	.ENDM
                 
                 	.MACRO __POINTWRFN
                 	LDI  R@0,LOW(@2*2+(@3))
                 	LDI  R@1,HIGH(@2*2+(@3))
                 	.ENDM
                 
                 	.MACRO __GETD1N
                 	LDI  R30,LOW(@0)
                 	LDI  R31,HIGH(@0)
                 	LDI  R22,BYTE3(@0)
                 	LDI  R23,BYTE4(@0)
                 	.ENDM
                 
                 	.MACRO __GETD2N
                 	LDI  R26,LOW(@0)
                 	LDI  R27,HIGH(@0)
                 	LDI  R24,BYTE3(@0)
                 	LDI  R25,BYTE4(@0)
                 	.ENDM
                 
                 	.MACRO __GETB1MN
                 	LDS  R30,@0+(@1)
                 	.ENDM
                 
                 	.MACRO __GETB1HMN
                 	LDS  R31,@0+(@1)
                 	.ENDM
                 
                 	.MACRO __GETW1MN
                 	LDS  R30,@0+(@1)
                 	LDS  R31,@0+(@1)+1
                 	.ENDM
                 
                 	.MACRO __GETD1MN
                 	LDS  R30,@0+(@1)
                 	LDS  R31,@0+(@1)+1
                 	LDS  R22,@0+(@1)+2
                 	LDS  R23,@0+(@1)+3
                 	.ENDM
                 
                 	.MACRO __GETBRMN
                 	LDS  R@0,@1+(@2)
                 	.ENDM
                 
                 	.MACRO __GETWRMN
                 	LDS  R@0,@2+(@3)
                 	LDS  R@1,@2+(@3)+1
                 	.ENDM
                 
                 	.MACRO __GETWRZ
                 	LDD  R@0,Z+@2
                 	LDD  R@1,Z+@2+1
                 	.ENDM
                 
                 	.MACRO __GETD2Z
                 	LDD  R26,Z+@0
                 	LDD  R27,Z+@0+1
                 	LDD  R24,Z+@0+2
                 	LDD  R25,Z+@0+3
                 	.ENDM
                 
                 	.MACRO __GETB2MN
                 	LDS  R26,@0+(@1)
                 	.ENDM
                 
                 	.MACRO __GETW2MN
                 	LDS  R26,@0+(@1)
                 	LDS  R27,@0+(@1)+1
                 	.ENDM
                 
                 	.MACRO __GETD2MN
                 	LDS  R26,@0+(@1)
                 	LDS  R27,@0+(@1)+1
                 	LDS  R24,@0+(@1)+2
                 	LDS  R25,@0+(@1)+3
                 	.ENDM
                 
                 	.MACRO __PUTB1MN
                 	STS  @0+(@1),R30
                 	.ENDM
                 
                 	.MACRO __PUTW1MN
                 	STS  @0+(@1),R30
                 	STS  @0+(@1)+1,R31
                 	.ENDM
                 
                 	.MACRO __PUTD1MN
                 	STS  @0+(@1),R30
                 	STS  @0+(@1)+1,R31
                 	STS  @0+(@1)+2,R22
                 	STS  @0+(@1)+3,R23
                 	.ENDM
                 
                 	.MACRO __PUTB1EN
                 	LDI  R26,LOW(@0+(@1))
                 	LDI  R27,HIGH(@0+(@1))
                 	CALL __EEPROMWRB
                 	.ENDM
                 
                 	.MACRO __PUTW1EN
                 	LDI  R26,LOW(@0+(@1))
                 	LDI  R27,HIGH(@0+(@1))
                 	CALL __EEPROMWRW
                 	.ENDM
                 
                 	.MACRO __PUTD1EN
                 	LDI  R26,LOW(@0+(@1))
                 	LDI  R27,HIGH(@0+(@1))
                 	CALL __EEPROMWRD
                 	.ENDM
                 
                 	.MACRO __PUTBR0MN
                 	STS  @0+(@1),R0
                 	.ENDM
                 
                 	.MACRO __PUTBMRN
                 	STS  @0+(@1),R@2
                 	.ENDM
                 
                 	.MACRO __PUTWMRN
                 	STS  @0+(@1),R@2
                 	STS  @0+(@1)+1,R@3
                 	.ENDM
                 
                 	.MACRO __PUTBZR
                 	STD  Z+@1,R@0
                 	.ENDM
                 
                 	.MACRO __PUTWZR
                 	STD  Z+@2,R@0
                 	STD  Z+@2+1,R@1
                 	.ENDM
                 
                 	.MACRO __GETW1R
                 	MOV  R30,R@0
                 	MOV  R31,R@1
                 	.ENDM
                 
                 	.MACRO __GETW2R
                 	MOV  R26,R@0
                 	MOV  R27,R@1
                 	.ENDM
                 
                 	.MACRO __GETWRN
                 	LDI  R@0,LOW(@2)
                 	LDI  R@1,HIGH(@2)
                 	.ENDM
                 
                 	.MACRO __PUTW1R
                 	MOV  R@0,R30
                 	MOV  R@1,R31
                 	.ENDM
                 
                 	.MACRO __PUTW2R
                 	MOV  R@0,R26
                 	MOV  R@1,R27
                 	.ENDM
                 
                 	.MACRO __ADDWRN
                 	SUBI R@0,LOW(-@2)
                 	SBCI R@1,HIGH(-@2)
                 	.ENDM
                 
                 	.MACRO __ADDWRR
                 	ADD  R@0,R@2
                 	ADC  R@1,R@3
                 	.ENDM
                 
                 	.MACRO __SUBWRN
                 	SUBI R@0,LOW(@2)
                 	SBCI R@1,HIGH(@2)
                 	.ENDM
                 
                 	.MACRO __SUBWRR
                 	SUB  R@0,R@2
                 	SBC  R@1,R@3
                 	.ENDM
                 
                 	.MACRO __ANDWRN
                 	ANDI R@0,LOW(@2)
                 	ANDI R@1,HIGH(@2)
                 	.ENDM
                 
                 	.MACRO __ANDWRR
                 	AND  R@0,R@2
                 	AND  R@1,R@3
                 	.ENDM
                 
                 	.MACRO __ORWRN
                 	ORI  R@0,LOW(@2)
                 	ORI  R@1,HIGH(@2)
                 	.ENDM
                 
                 	.MACRO __ORWRR
                 	OR   R@0,R@2
                 	OR   R@1,R@3
                 	.ENDM
                 
                 	.MACRO __EORWRR
                 	EOR  R@0,R@2
                 	EOR  R@1,R@3
                 	.ENDM
                 
                 	.MACRO __GETWRS
                 	LDD  R@0,Y+@2
                 	LDD  R@1,Y+@2+1
                 	.ENDM
                 
                 	.MACRO __PUTBSR
                 	STD  Y+@1,R@0
                 	.ENDM
                 
                 	.MACRO __PUTWSR
                 	STD  Y+@2,R@0
                 	STD  Y+@2+1,R@1
                 	.ENDM
                 
                 	.MACRO __MOVEWRR
                 	MOV  R@0,R@2
                 	MOV  R@1,R@3
                 	.ENDM
                 
                 	.MACRO __INWR
                 	IN   R@0,@2
                 	IN   R@1,@2+1
                 	.ENDM
                 
                 	.MACRO __OUTWR
                 	OUT  @2+1,R@1
                 	OUT  @2,R@0
                 	.ENDM
                 
                 	.MACRO __CALL1MN
                 	LDS  R30,@0+(@1)
                 	LDS  R31,@0+(@1)+1
                 	ICALL
                 	.ENDM
                 
                 	.MACRO __CALL1FN
                 	LDI  R30,LOW(2*@0+(@1))
                 	LDI  R31,HIGH(2*@0+(@1))
                 	CALL __GETW1PF
                 	ICALL
                 	.ENDM
                 
                 	.MACRO __CALL2EN
                 	PUSH R26
                 	PUSH R27
                 	LDI  R26,LOW(@0+(@1))
                 	LDI  R27,HIGH(@0+(@1))
                 	CALL __EEPROMRDW
                 	POP  R27
                 	POP  R26
                 	ICALL
                 	.ENDM
                 
                 	.MACRO __CALL2EX
                 	SUBI R26,LOW(-@0)
                 	SBCI R27,HIGH(-@0)
                 	CALL __EEPROMRDD
                 	ICALL
                 	.ENDM
                 
                 	.MACRO __GETW1STACK
                 	IN   R30,SPL
                 	IN   R31,SPH
                 	ADIW R30,@0+1
                 	LD   R0,Z+
                 	LD   R31,Z
                 	MOV  R30,R0
                 	.ENDM
                 
                 	.MACRO __GETD1STACK
                 	IN   R30,SPL
                 	IN   R31,SPH
                 	ADIW R30,@0+1
                 	LD   R0,Z+
                 	LD   R1,Z+
                 	LD   R22,Z
                 	MOVW R30,R0
                 	.ENDM
                 
                 	.MACRO __NBST
                 	BST  R@0,@1
                 	IN   R30,SREG
                 	LDI  R31,0x40
                 	EOR  R30,R31
                 	OUT  SREG,R30
                 	.ENDM
                 
                 
                 	.MACRO __PUTB1SN
                 	LDD  R26,Y+@0
                 	LDD  R27,Y+@0+1
                 	SUBI R26,LOW(-@1)
                 	SBCI R27,HIGH(-@1)
                 	ST   X,R30
                 	.ENDM
                 
                 	.MACRO __PUTW1SN
                 	LDD  R26,Y+@0
                 	LDD  R27,Y+@0+1
                 	SUBI R26,LOW(-@1)
                 	SBCI R27,HIGH(-@1)
                 	ST   X+,R30
                 	ST   X,R31
                 	.ENDM
                 
                 	.MACRO __PUTD1SN
                 	LDD  R26,Y+@0
                 	LDD  R27,Y+@0+1
                 	SUBI R26,LOW(-@1)
                 	SBCI R27,HIGH(-@1)
                 	CALL __PUTDP1
                 	.ENDM
                 
                 	.MACRO __PUTB1SNS
                 	LDD  R26,Y+@0
                 	LDD  R27,Y+@0+1
                 	ADIW R26,@1
                 	ST   X,R30
                 	.ENDM
                 
                 	.MACRO __PUTW1SNS
                 	LDD  R26,Y+@0
                 	LDD  R27,Y+@0+1
                 	ADIW R26,@1
                 	ST   X+,R30
                 	ST   X,R31
                 	.ENDM
                 
                 	.MACRO __PUTD1SNS
                 	LDD  R26,Y+@0
                 	LDD  R27,Y+@0+1
                 	ADIW R26,@1
                 	CALL __PUTDP1
                 	.ENDM
                 
                 	.MACRO __PUTB1PMN
                 	LDS  R26,@0
                 	LDS  R27,@0+1
                 	SUBI R26,LOW(-@1)
                 	SBCI R27,HIGH(-@1)
                 	ST   X,R30
                 	.ENDM
                 
                 	.MACRO __PUTW1PMN
                 	LDS  R26,@0
                 	LDS  R27,@0+1
                 	SUBI R26,LOW(-@1)
                 	SBCI R27,HIGH(-@1)
                 	ST   X+,R30
                 	ST   X,R31
                 	.ENDM
                 
                 	.MACRO __PUTD1PMN
                 	LDS  R26,@0
                 	LDS  R27,@0+1
                 	SUBI R26,LOW(-@1)
                 	SBCI R27,HIGH(-@1)
                 	CALL __PUTDP1
                 	.ENDM
                 
                 	.MACRO __PUTB1PMNS
                 	LDS  R26,@0
                 	LDS  R27,@0+1
                 	ADIW R26,@1
                 	ST   X,R30
                 	.ENDM
                 
                 	.MACRO __PUTW1PMNS
                 	LDS  R26,@0
                 	LDS  R27,@0+1
                 	ADIW R26,@1
                 	ST   X+,R30
                 	ST   X,R31
                 	.ENDM
                 
                 	.MACRO __PUTD1PMNS
                 	LDS  R26,@0
                 	LDS  R27,@0+1
                 	ADIW R26,@1
                 	CALL __PUTDP1
                 	.ENDM
                 
                 	.MACRO __PUTB1RN
                 	MOVW R26,R@0
                 	SUBI R26,LOW(-@1)
                 	SBCI R27,HIGH(-@1)
                 	ST   X,R30
                 	.ENDM
                 
                 	.MACRO __PUTW1RN
                 	MOVW R26,R@0
                 	SUBI R26,LOW(-@1)
                 	SBCI R27,HIGH(-@1)
                 	ST   X+,R30
                 	ST   X,R31
                 	.ENDM
                 
                 	.MACRO __PUTD1RN
                 	MOVW R26,R@0
                 	SUBI R26,LOW(-@1)
                 	SBCI R27,HIGH(-@1)
                 	CALL __PUTDP1
                 	.ENDM
                 
                 	.MACRO __PUTB1RNS
                 	MOVW R26,R@0
                 	ADIW R26,@1
                 	ST   X,R30
                 	.ENDM
                 
                 	.MACRO __PUTW1RNS
                 	MOVW R26,R@0
                 	ADIW R26,@1
                 	ST   X+,R30
                 	ST   X,R31
                 	.ENDM
                 
                 	.MACRO __PUTD1RNS
                 	MOVW R26,R@0
                 	ADIW R26,@1
                 	CALL __PUTDP1
                 	.ENDM
                 
                 	.MACRO __PUTB1RON
                 	MOV  R26,R@0
                 	MOV  R27,R@1
                 	SUBI R26,LOW(-@2)
                 	SBCI R27,HIGH(-@2)
                 	ST   X,R30
                 	.ENDM
                 
                 	.MACRO __PUTW1RON
                 	MOV  R26,R@0
                 	MOV  R27,R@1
                 	SUBI R26,LOW(-@2)
                 	SBCI R27,HIGH(-@2)
                 	ST   X+,R30
                 	ST   X,R31
                 	.ENDM
                 
                 	.MACRO __PUTD1RON
                 	MOV  R26,R@0
                 	MOV  R27,R@1
                 	SUBI R26,LOW(-@2)
                 	SBCI R27,HIGH(-@2)
                 	CALL __PUTDP1
                 	.ENDM
                 
                 	.MACRO __PUTB1RONS
                 	MOV  R26,R@0
                 	MOV  R27,R@1
                 	ADIW R26,@2
                 	ST   X,R30
                 	.ENDM
                 
                 	.MACRO __PUTW1RONS
                 	MOV  R26,R@0
                 	MOV  R27,R@1
                 	ADIW R26,@2
                 	ST   X+,R30
                 	ST   X,R31
                 	.ENDM
                 
                 	.MACRO __PUTD1RONS
                 	MOV  R26,R@0
                 	MOV  R27,R@1
                 	ADIW R26,@2
                 	CALL __PUTDP1
                 	.ENDM
                 
                 
                 	.MACRO __GETB1SX
                 	MOVW R30,R28
                 	SUBI R30,LOW(-@0)
                 	SBCI R31,HIGH(-@0)
                 	LD   R30,Z
                 	.ENDM
                 
                 	.MACRO __GETB1HSX
                 	MOVW R30,R28
                 	SUBI R30,LOW(-@0)
                 	SBCI R31,HIGH(-@0)
                 	LD   R31,Z
                 	.ENDM
                 
                 	.MACRO __GETW1SX
                 	MOVW R30,R28
                 	SUBI R30,LOW(-@0)
                 	SBCI R31,HIGH(-@0)
                 	LD   R0,Z+
                 	LD   R31,Z
                 	MOV  R30,R0
                 	.ENDM
                 
                 	.MACRO __GETD1SX
                 	MOVW R30,R28
                 	SUBI R30,LOW(-@0)
                 	SBCI R31,HIGH(-@0)
                 	LD   R0,Z+
                 	LD   R1,Z+
                 	LD   R22,Z+
                 	LD   R23,Z
                 	MOVW R30,R0
                 	.ENDM
                 
                 	.MACRO __GETB2SX
                 	MOVW R26,R28
                 	SUBI R26,LOW(-@0)
                 	SBCI R27,HIGH(-@0)
                 	LD   R26,X
                 	.ENDM
                 
                 	.MACRO __GETW2SX
                 	MOVW R26,R28
                 	SUBI R26,LOW(-@0)
                 	SBCI R27,HIGH(-@0)
                 	LD   R0,X+
                 	LD   R27,X
                 	MOV  R26,R0
                 	.ENDM
                 
                 	.MACRO __GETD2SX
                 	MOVW R26,R28
                 	SUBI R26,LOW(-@0)
                 	SBCI R27,HIGH(-@0)
                 	LD   R0,X+
                 	LD   R1,X+
                 	LD   R24,X+
                 	LD   R25,X
                 	MOVW R26,R0
                 	.ENDM
                 
                 	.MACRO __GETBRSX
                 	MOVW R30,R28
                 	SUBI R30,LOW(-@1)
                 	SBCI R31,HIGH(-@1)
                 	LD   R@0,Z
                 	.ENDM
                 
                 	.MACRO __GETWRSX
                 	MOVW R30,R28
                 	SUBI R30,LOW(-@2)
                 	SBCI R31,HIGH(-@2)
                 	LD   R@0,Z+
                 	LD   R@1,Z
                 	.ENDM
                 
                 	.MACRO __GETBRSX2
                 	MOVW R26,R28
                 	SUBI R26,LOW(-@1)
                 	SBCI R27,HIGH(-@1)
                 	LD   R@0,X
                 	.ENDM
                 
                 	.MACRO __GETWRSX2
                 	MOVW R26,R28
                 	SUBI R26,LOW(-@2)
                 	SBCI R27,HIGH(-@2)
                 	LD   R@0,X+
                 	LD   R@1,X
                 	.ENDM
                 
                 	.MACRO __LSLW8SX
                 	MOVW R30,R28
                 	SUBI R30,LOW(-@0)
                 	SBCI R31,HIGH(-@0)
                 	LD   R31,Z
                 	CLR  R30
                 	.ENDM
                 
                 	.MACRO __PUTB1SX
                 	MOVW R26,R28
                 	SUBI R26,LOW(-@0)
                 	SBCI R27,HIGH(-@0)
                 	ST   X,R30
                 	.ENDM
                 
                 	.MACRO __PUTW1SX
                 	MOVW R26,R28
                 	SUBI R26,LOW(-@0)
                 	SBCI R27,HIGH(-@0)
                 	ST   X+,R30
                 	ST   X,R31
                 	.ENDM
                 
                 	.MACRO __PUTD1SX
                 	MOVW R26,R28
                 	SUBI R26,LOW(-@0)
                 	SBCI R27,HIGH(-@0)
                 	ST   X+,R30
                 	ST   X+,R31
                 	ST   X+,R22
                 	ST   X,R23
                 	.ENDM
                 
                 	.MACRO __CLRW1SX
                 	MOVW R26,R28
                 	SUBI R26,LOW(-@0)
                 	SBCI R27,HIGH(-@0)
                 	ST   X+,R30
                 	ST   X,R30
                 	.ENDM
                 
                 	.MACRO __CLRD1SX
                 	MOVW R26,R28
                 	SUBI R26,LOW(-@0)
                 	SBCI R27,HIGH(-@0)
                 	ST   X+,R30
                 	ST   X+,R30
                 	ST   X+,R30
                 	ST   X,R30
                 	.ENDM
                 
                 	.MACRO __PUTB2SX
                 	MOVW R30,R28
                 	SUBI R30,LOW(-@0)
                 	SBCI R31,HIGH(-@0)
                 	ST   Z,R26
                 	.ENDM
                 
                 	.MACRO __PUTW2SX
                 	MOVW R30,R28
                 	SUBI R30,LOW(-@0)
                 	SBCI R31,HIGH(-@0)
                 	ST   Z+,R26
                 	ST   Z,R27
                 	.ENDM
                 
                 	.MACRO __PUTD2SX
                 	MOVW R30,R28
                 	SUBI R30,LOW(-@0)
                 	SBCI R31,HIGH(-@0)
                 	ST   Z+,R26
                 	ST   Z+,R27
                 	ST   Z+,R24
                 	ST   Z,R25
                 	.ENDM
                 
                 	.MACRO __PUTBSRX
                 	MOVW R30,R28
                 	SUBI R30,LOW(-@1)
                 	SBCI R31,HIGH(-@1)
                 	ST   Z,R@0
                 	.ENDM
                 
                 	.MACRO __PUTWSRX
                 	MOVW R30,R28
                 	SUBI R30,LOW(-@2)
                 	SBCI R31,HIGH(-@2)
                 	ST   Z+,R@0
                 	ST   Z,R@1
                 	.ENDM
                 
                 	.MACRO __PUTB1SNX
                 	MOVW R26,R28
                 	SUBI R26,LOW(-@0)
                 	SBCI R27,HIGH(-@0)
                 	LD   R0,X+
                 	LD   R27,X
                 	MOV  R26,R0
                 	SUBI R26,LOW(-@1)
                 	SBCI R27,HIGH(-@1)
                 	ST   X,R30
                 	.ENDM
                 
                 	.MACRO __PUTW1SNX
                 	MOVW R26,R28
                 	SUBI R26,LOW(-@0)
                 	SBCI R27,HIGH(-@0)
                 	LD   R0,X+
                 	LD   R27,X
                 	MOV  R26,R0
                 	SUBI R26,LOW(-@1)
                 	SBCI R27,HIGH(-@1)
                 	ST   X+,R30
                 	ST   X,R31
                 	.ENDM
                 
                 	.MACRO __PUTD1SNX
                 	MOVW R26,R28
                 	SUBI R26,LOW(-@0)
                 	SBCI R27,HIGH(-@0)
                 	LD   R0,X+
                 	LD   R27,X
                 	MOV  R26,R0
                 	SUBI R26,LOW(-@1)
                 	SBCI R27,HIGH(-@1)
                 	ST   X+,R30
                 	ST   X+,R31
                 	ST   X+,R22
                 	ST   X,R23
                 	.ENDM
                 
                 	.MACRO __MULBRR
                 	MULS R@0,R@1
                 	MOVW R30,R0
                 	.ENDM
                 
                 	.MACRO __MULBRRU
                 	MUL  R@0,R@1
                 	MOVW R30,R0
                 	.ENDM
                 
                 	.MACRO __MULBRR0
                 	MULS R@0,R@1
                 	.ENDM
                 
                 	.MACRO __MULBRRU0
                 	MUL  R@0,R@1
                 	.ENDM
                 
                 	.MACRO __MULBNWRU
                 	LDI  R26,@2
                 	MUL  R26,R@0
                 	MOVW R30,R0
                 	MUL  R26,R@1
                 	ADD  R31,R0
                 	.ENDM
                 
                 ;NAME DEFINITIONS FOR GLOBAL VARIABLES ALLOCATED TO REGISTERS
                 	.DEF _rx_wr_index0=R4
                 	.DEF _rx_rd_index0=R3
                 	.DEF _rx_counter0=R6
                 	.DEF _tx_wr_index0=R5
                 	.DEF _tx_rd_index0=R8
                 	.DEF _tx_counter0=R7
                 	.DEF _nutSW1=R10
                 	.DEF _nutSW2=R9
                 	.DEF _nutSW1truoc=R12
                 	.DEF _nutSW2truoc=R11
                 	.DEF _demNut1=R14
                 	.DEF _nutSW3=R13
                 
                 ;GPIOR0 INITIALIZATION VALUE
                 	.EQU __GPIOR0_INIT=0x00
                 
                 	.CSEG
                 	.ORG 0x00
                 
                 ;START OF CODE MARKER
                 __START_OF_CODE:
                 
                 ;INTERRUPT VECTORS
000000 940c 0044 	JMP  __RESET
000002 940c 0000 	JMP  0x00
000004 940c 0000 	JMP  0x00
000006 940c 0000 	JMP  0x00
000008 940c 0000 	JMP  0x00
00000a 940c 0000 	JMP  0x00
00000c 940c 0000 	JMP  0x00
00000e 940c 0000 	JMP  0x00
000010 940c 0000 	JMP  0x00
000012 940c 0000 	JMP  0x00
000014 940c 0000 	JMP  0x00
000016 940c 0000 	JMP  0x00
000018 940c 0000 	JMP  0x00
00001a 940c 0000 	JMP  0x00
00001c 940c 0000 	JMP  0x00
00001e 940c 0000 	JMP  0x00
000020 940c 0000 	JMP  0x00
000022 940c 0000 	JMP  0x00
000024 940c 0073 	JMP  _usart_rx_isr
000026 940c 0000 	JMP  0x00
000028 940c 0093 	JMP  _usart_tx_isr
00002a 940c 0000 	JMP  0x00
00002c 940c 0000 	JMP  0x00
00002e 940c 0000 	JMP  0x00
000030 940c 0000 	JMP  0x00
000032 940c 0000 	JMP  0x00
                 
                 _tbl10_G100:
000034 2710
000035 03e8
000036 0064
000037 000a      	.DB  0x10,0x27,0xE8,0x3,0x64,0x0,0xA,0x0
000038 0001      	.DB  0x1,0x0
                 _tbl16_G100:
000039 1000
00003a 0100
00003b 0010
00003c 0001      	.DB  0x0,0x10,0x0,0x1,0x10,0x0,0x1,0x0
                 
                 ;GLOBAL REGISTER VARIABLES INITIALIZATION
                 __REG_VARS:
00003d 0000
00003e 0000      	.DB  0x0,0x0,0x0,0x0
00003f 0000      	.DB  0x0,0x0
                 
                 
                 __GLOBAL_INI_TBL:
000040 0006      	.DW  0x06
000041 0003      	.DW  0x03
000042 007a      	.DW  __REG_VARS*2
                 
                 _0xFFFFFFFF:
000043 0000      	.DW  0
                 
                 #define __GLOBAL_INI_TBL_PRESENT 1
                 
                 __RESET:
000044 94f8      	CLI
000045 27ee      	CLR  R30
000046 bbef      	OUT  EECR,R30
                 
                 ;INTERRUPT VECTORS ARE PLACED
                 ;AT THE START OF FLASH
000047 e0f1      	LDI  R31,1
000048 bff5      	OUT  MCUCR,R31
000049 bfe5      	OUT  MCUCR,R30
                 
                 ;CLEAR R2-R14
00004a e08d      	LDI  R24,(14-2)+1
00004b e0a2      	LDI  R26,2
00004c 27bb      	CLR  R27
                 __CLEAR_REG:
00004d 93ed      	ST   X+,R30
00004e 958a      	DEC  R24
00004f f7e9      	BRNE __CLEAR_REG
                 
                 ;CLEAR SRAM
000050 e080      	LDI  R24,LOW(__CLEAR_SRAM_SIZE)
000051 e098      	LDI  R25,HIGH(__CLEAR_SRAM_SIZE)
000052 e0a0      	LDI  R26,LOW(__SRAM_START)
000053 e0b1      	LDI  R27,HIGH(__SRAM_START)
                 __CLEAR_SRAM:
000054 93ed      	ST   X+,R30
000055 9701      	SBIW R24,1
000056 f7e9      	BRNE __CLEAR_SRAM
                 
                 ;GLOBAL VARIABLES INITIALIZATION
000057 e8e0      	LDI  R30,LOW(__GLOBAL_INI_TBL*2)
000058 e0f0      	LDI  R31,HIGH(__GLOBAL_INI_TBL*2)
                 __GLOBAL_INI_NEXT:
000059 9185      	LPM  R24,Z+
00005a 9195      	LPM  R25,Z+
00005b 9700      	SBIW R24,0
00005c f061      	BREQ __GLOBAL_INI_END
00005d 91a5      	LPM  R26,Z+
00005e 91b5      	LPM  R27,Z+
00005f 9005      	LPM  R0,Z+
000060 9015      	LPM  R1,Z+
000061 01bf      	MOVW R22,R30
000062 01f0      	MOVW R30,R0
                 __GLOBAL_INI_LOOP:
000063 9005      	LPM  R0,Z+
000064 920d      	ST   X+,R0
000065 9701      	SBIW R24,1
000066 f7e1      	BRNE __GLOBAL_INI_LOOP
000067 01fb      	MOVW R30,R22
000068 cff0      	RJMP __GLOBAL_INI_NEXT
                 __GLOBAL_INI_END:
                 
                 ;GPIOR0 INITIALIZATION
000069 e0e0      	LDI  R30,__GPIOR0_INIT
00006a bbee      	OUT  GPIOR0,R30
                 
                 ;HARDWARE STACK POINTER INITIALIZATION
00006b efef      	LDI  R30,LOW(__SRAM_END-__HEAP_SIZE)
00006c bfed      	OUT  SPL,R30
00006d e0e8      	LDI  R30,HIGH(__SRAM_END-__HEAP_SIZE)
00006e bfee      	OUT  SPH,R30
                 
                 ;DATA STACK POINTER INITIALIZATION
00006f e0c0      	LDI  R28,LOW(__SRAM_START+__DSTACK_SIZE)
000070 e0d3      	LDI  R29,HIGH(__SRAM_START+__DSTACK_SIZE)
                 
000071 940c 0133 	JMP  _main
                 
                 	.ESEG
                 	.ORG 0
                 
                 	.DSEG
                 	.ORG 0x300
                 
                 	.CSEG
                 ;#include <mega328p.h>
                 	#ifndef __SLEEP_DEFINED__
                 	#define __SLEEP_DEFINED__
                 	.EQU __se_bit=0x01
                 	.EQU __sm_mask=0x0E
                 	.EQU __sm_adc_noise_red=0x02
                 	.EQU __sm_powerdown=0x04
                 	.EQU __sm_powersave=0x06
                 	.EQU __sm_standby=0x0C
                 	.EQU __sm_ext_standby=0x0E
                 	.SET power_ctrl_reg=smcr
                 	#endif
                 ;#include <delay.h>
                 ;
                 ;// ------------UART-----------
                 ;#define DATA_REGISTER_EMPTY (1<<UDRE0)
                 ;#define RX_COMPLETE (1<<RXC0)
                 ;#define FRAMING_ERROR (1<<FE0)
                 ;#define PARITY_ERROR (1<<UPE0)
                 ;#define DATA_OVERRUN (1<<DOR0)
                 ;
                 ;// USART Receiver buffer
                 ;#define RX_BUFFER_SIZE0 64
                 ;char rx_buffer0[RX_BUFFER_SIZE0];
                 ;
                 ;#if RX_BUFFER_SIZE0 <= 256
                 ;unsigned char rx_wr_index0=0,rx_rd_index0=0;
                 ;#else
                 ;unsigned int rx_wr_index0=0,rx_rd_index0=0;
                 ;#endif
                 ;
                 ;#if RX_BUFFER_SIZE0 < 256
                 ;unsigned char rx_counter0=0;
                 ;#else
                 ;unsigned int rx_counter0=0;
                 ;#endif
                 ;
                 ;// This flag is set on USART Receiver buffer overflow
                 ;bit rx_buffer_overflow0;
                 ;
                 ;// USART Receiver interrupt service routine
                 ;interrupt [USART_RXC] void usart_rx_isr(void)
                 ; 0000 0020 {
                 
                 	.CSEG
                 _usart_rx_isr:
                 ; .FSTART _usart_rx_isr
000073 93ea      	ST   -Y,R30
000074 93fa      	ST   -Y,R31
000075 b7ef      	IN   R30,SREG
000076 93ea      	ST   -Y,R30
                 ; 0000 0021 char status,data;
                 ; 0000 0022 status=UCSR0A;
000077 931a      	ST   -Y,R17
000078 930a      	ST   -Y,R16
                 ;	status -> R17
                 ;	data -> R16
000079 9110 00c0 	LDS  R17,192
                 ; 0000 0023 data=UDR0;
00007b 9100 00c6 	LDS  R16,198
                 ; 0000 0024 if ((status & (FRAMING_ERROR | PARITY_ERROR | DATA_OVERRUN))==0)
00007d 2fe1      	MOV  R30,R17
00007e 71ec      	ANDI R30,LOW(0x1C)
00007f f481      	BRNE _0x3
                 ; 0000 0025    {
                 ; 0000 0026    rx_buffer0[rx_wr_index0++]=data;
000080 2de4      	MOV  R30,R4
000081 9443      	INC  R4
000082 e0f0      	LDI  R31,0
000083 50e0      	SUBI R30,LOW(-_rx_buffer0)
000084 4ffd      	SBCI R31,HIGH(-_rx_buffer0)
000085 8300      	ST   Z,R16
                 ; 0000 0027 #if RX_BUFFER_SIZE0 == 256
                 ; 0000 0028    // special case for receiver buffer size=256
                 ; 0000 0029    if (++rx_counter0 == 0) rx_buffer_overflow0=1;
                 ; 0000 002A #else
                 ; 0000 002B    if (rx_wr_index0 == RX_BUFFER_SIZE0) rx_wr_index0=0;
000086 e4e0      	LDI  R30,LOW(64)
000087 15e4      	CP   R30,R4
000088 f409      	BRNE _0x4
000089 2444      	CLR  R4
                 ; 0000 002C    if (++rx_counter0 == RX_BUFFER_SIZE0)
                 _0x4:
00008a 9463      	INC  R6
00008b e4e0      	LDI  R30,LOW(64)
00008c 15e6      	CP   R30,R6
00008d f411      	BRNE _0x5
                 ; 0000 002D       {
                 ; 0000 002E       rx_counter0=0;
00008e 2466      	CLR  R6
                 ; 0000 002F       rx_buffer_overflow0=1;
00008f 9af0      	SBI  0x1E,0
                 ; 0000 0030       }
                 ; 0000 0031 #endif
                 ; 0000 0032    }
                 _0x5:
                 ; 0000 0033 }
                 _0x3:
000090 9109      	LD   R16,Y+
000091 9119      	LD   R17,Y+
000092 c013      	RJMP _0xF7
                 ; .FEND
                 ;
                 ;#ifndef _DEBUG_TERMINAL_IO_
                 ;// Get a character from the USART Receiver buffer
                 ;#define _ALTERNATE_GETCHAR_
                 ;#pragma used+
                 ;char getchar(void)
                 ; 0000 003A {
                 ; 0000 003B char data;
                 ; 0000 003C while (rx_counter0==0);
                 ;	data -> R17
                 ; 0000 003D data=rx_buffer0[rx_rd_index0++];
                 ; 0000 003E #if RX_BUFFER_SIZE0 != 256
                 ; 0000 003F if (rx_rd_index0 == RX_BUFFER_SIZE0) rx_rd_index0=0;
                 ; 0000 0040 #endif
                 ; 0000 0041 #asm("cli")
                 ; 0000 0042 --rx_counter0;
                 ; 0000 0043 #asm("sei")
                 ; 0000 0044 return data;
                 ; 0000 0045 }
                 ;#pragma used-
                 ;#endif
                 ;
                 ;// USART Transmitter buffer
                 ;#define TX_BUFFER_SIZE0 64
                 ;char tx_buffer0[TX_BUFFER_SIZE0];
                 ;
                 ;#if TX_BUFFER_SIZE0 <= 256
                 ;unsigned char tx_wr_index0=0,tx_rd_index0=0;
                 ;#else
                 ;unsigned int tx_wr_index0=0,tx_rd_index0=0;
                 ;#endif
                 ;
                 ;#if TX_BUFFER_SIZE0 < 256
                 ;unsigned char tx_counter0=0;
                 ;#else
                 ;unsigned int tx_counter0=0;
                 ;#endif
                 ;
                 ;// USART Transmitter interrupt service routine
                 ;interrupt [USART_TXC] void usart_tx_isr(void)
                 ; 0000 005B {
                 _usart_tx_isr:
                 ; .FSTART _usart_tx_isr
000093 93ea      	ST   -Y,R30
000094 93fa      	ST   -Y,R31
000095 b7ef      	IN   R30,SREG
000096 93ea      	ST   -Y,R30
                 ; 0000 005C if (tx_counter0)
000097 2077      	TST  R7
000098 f069      	BREQ _0xC
                 ; 0000 005D    {
                 ; 0000 005E    --tx_counter0;
000099 947a      	DEC  R7
                 ; 0000 005F    UDR0=tx_buffer0[tx_rd_index0++];
00009a 2de8      	MOV  R30,R8
00009b 9483      	INC  R8
00009c e0f0      	LDI  R31,0
00009d 5ce0      	SUBI R30,LOW(-_tx_buffer0)
00009e 4ffc      	SBCI R31,HIGH(-_tx_buffer0)
00009f 81e0      	LD   R30,Z
0000a0 93e0 00c6 	STS  198,R30
                 ; 0000 0060 #if TX_BUFFER_SIZE0 != 256
                 ; 0000 0061    if (tx_rd_index0 == TX_BUFFER_SIZE0) tx_rd_index0=0;
0000a2 e4e0      	LDI  R30,LOW(64)
0000a3 15e8      	CP   R30,R8
0000a4 f409      	BRNE _0xD
0000a5 2488      	CLR  R8
                 ; 0000 0062 #endif
                 ; 0000 0063    }
                 _0xD:
                 ; 0000 0064 }
                 _0xC:
                 _0xF7:
0000a6 91e9      	LD   R30,Y+
0000a7 bfef      	OUT  SREG,R30
0000a8 91f9      	LD   R31,Y+
0000a9 91e9      	LD   R30,Y+
0000aa 9518      	RETI
                 ; .FEND
                 ;
                 ;#ifndef _DEBUG_TERMINAL_IO_
                 ;// Write a character to the USART Transmitter buffer
                 ;#define _ALTERNATE_PUTCHAR_
                 ;#pragma used+
                 ;void putchar(char c)
                 ; 0000 006B {
                 _putchar:
                 ; .FSTART _putchar
                 ; 0000 006C while (tx_counter0 == TX_BUFFER_SIZE0);
0000ab 93aa      	ST   -Y,R26
                 ;	c -> Y+0
                 _0xE:
0000ac e4e0      	LDI  R30,LOW(64)
0000ad 15e7      	CP   R30,R7
0000ae f3e9      	BREQ _0xE
                 ; 0000 006D #asm("cli")
0000af 94f8      	cli
                 ; 0000 006E if (tx_counter0 || ((UCSR0A & DATA_REGISTER_EMPTY)==0))
0000b0 2077      	TST  R7
0000b1 f421      	BRNE _0x12
0000b2 91e0 00c0 	LDS  R30,192
0000b4 72e0      	ANDI R30,LOW(0x20)
0000b5 f469      	BRNE _0x11
                 _0x12:
                 ; 0000 006F    {
                 ; 0000 0070    tx_buffer0[tx_wr_index0++]=c;
0000b6 2de5      	MOV  R30,R5
0000b7 9453      	INC  R5
0000b8 e0f0      	LDI  R31,0
0000b9 5ce0      	SUBI R30,LOW(-_tx_buffer0)
0000ba 4ffc      	SBCI R31,HIGH(-_tx_buffer0)
0000bb 81a8      	LD   R26,Y
0000bc 83a0      	STD  Z+0,R26
                 ; 0000 0071 #if TX_BUFFER_SIZE0 != 256
                 ; 0000 0072    if (tx_wr_index0 == TX_BUFFER_SIZE0) tx_wr_index0=0;
0000bd e4e0      	LDI  R30,LOW(64)
0000be 15e5      	CP   R30,R5
0000bf f409      	BRNE _0x14
0000c0 2455      	CLR  R5
                 ; 0000 0073 #endif
                 ; 0000 0074    ++tx_counter0;
                 _0x14:
0000c1 9473      	INC  R7
                 ; 0000 0075    }
                 ; 0000 0076 else
0000c2 c003      	RJMP _0x15
                 _0x11:
                 ; 0000 0077    UDR0=c;
0000c3 81e8      	LD   R30,Y
0000c4 93e0 00c6 	STS  198,R30
                 ; 0000 0078 #asm("sei")
                 _0x15:
0000c6 9478      	sei
                 ; 0000 0079 }
0000c7 c069      	RJMP _0x2060001
                 ; .FEND
                 ;#pragma used-
                 ;#endif
                 ;
                 ;// Standard Input/Output functions
                 ;#include <stdio.h>
                 ;//---------------------------------------------
                 ;
                 ;
                 ;//--7 SEGMENT LED--
                 ;#define LEDa PORTD.6  // Segment a -> PORTD pin 6
                 ;#define LEDb PORTB.0  // Segment b -> PORTB pin 0
                 ;#define LEDc PORTB.1  // Segment c -> PORTB pin 1
                 ;#define LEDd PORTD.5  // Segment d -> PORTD pin 5
                 ;#define LEDe PORTB.2  // Segment e -> PORTB pin 2
                 ;#define LEDf PORTB.3  // Segment f -> PORTB pin 3
                 ;#define LEDg PORTB.4  // Segment g -> PORTB pin 4
                 ;
                 ;// Segment patterns for digits 0..9 (order: a,b,c,d,e,f,g)
                 ;const unsigned char digit[10][7] = {
                 ;    {1,1,1,1,1,1,0}, // 0
                 ;    {0,1,1,0,0,0,0}, // 1
                 ;    {1,1,0,1,1,0,1}, // 2
                 ;    {1,1,1,1,0,0,1}, // 3
                 ;    {0,1,1,0,0,1,1}, // 4
                 ;    {1,0,1,1,0,1,1}, // 5
                 ;    {1,0,1,1,1,1,1}, // 6
                 ;    {1,1,1,0,0,0,0}, // 7
                 ;    {1,1,1,1,1,1,1}, // 8
                 ;    {1,1,1,1,0,1,1}, // 9
                 ;};
                 ;//------------------------------------------------------------------------------------------
                 ;unsigned char nutSW1, nutSW2, nutSW1truoc, nutSW2truoc;  // Variables to hold the state of the switches
                 ;unsigned char demNut1; // Variable to hold the count of button presses for switch 1 and switch 2
                 ;unsigned char nutSW3, nutSW3truoc; // Switch 3 (PORTC.0) state + previous state
                 ;unsigned char trangThai = 0;           // 0 = system OFF, 1 = system ON
                 ;unsigned char nhietdo = 0; // Variable to hold the temperature value received from UART
                 ;//------------------------------------------------------------------------------------------
                 ;
                 ;// Function to display a digit on the 7-segment LED
                 ;void Display7SEGMENT(unsigned char num)
                 ; 0000 00A2 {
                 _Display7SEGMENT:
                 ; .FSTART _Display7SEGMENT
                 ; 0000 00A3 //     LEDa = digit[num][0];
                 ; 0000 00A4 //     LEDb = digit[num][1];
                 ; 0000 00A5 //     LEDc = digit[num][2];
                 ; 0000 00A6 //     LEDd = digit[num][3];
                 ; 0000 00A7 //     LEDe = digit[num][4];
                 ; 0000 00A8 //     LEDf = digit[num][5];
                 ; 0000 00A9 //     LEDg = digit[num][6];
                 ; 0000 00AA     if (num == 0 ) { LEDa = 1; LEDb = 1; LEDc = 1; LEDd = 1; LEDe = 1; LEDf = 1; LEDg = 0; }
0000c8 93aa      	ST   -Y,R26
                 ;	num -> Y+0
0000c9 81e8      	LD   R30,Y
0000ca 30e0      	CPI  R30,0
0000cb f429      	BRNE _0x16
0000cc 940e 01d3 	CALL SUBOPT_0x0
0000ce 9a2a      	SBI  0x5,2
0000cf 9a2b      	SBI  0x5,3
0000d0 982c      	CBI  0x5,4
                 ; 0000 00AB     if (num == 1 ) { LEDa = 0; LEDb = 1; LEDc = 1; LEDd = 0; LEDe = 0; LEDf = 0; LEDg = 0; }
                 _0x16:
0000d1 81a8      	LD   R26,Y
0000d2 30a1      	CPI  R26,LOW(0x1)
0000d3 f429      	BRNE _0x25
0000d4 985e      	CBI  0xB,6
0000d5 940e 01d8 	CALL SUBOPT_0x1
0000d7 982b      	CBI  0x5,3
0000d8 982c      	CBI  0x5,4
                 ; 0000 00AC     if (num == 2 ) { LEDa = 1; LEDb = 1; LEDc = 0; LEDd = 1; LEDe = 1; LEDf = 0; LEDg = 1; }
                 _0x25:
0000d9 81a8      	LD   R26,Y
0000da 30a2      	CPI  R26,LOW(0x2)
0000db f439      	BRNE _0x34
0000dc 9a5e      	SBI  0xB,6
0000dd 9a28      	SBI  0x5,0
0000de 9829      	CBI  0x5,1
0000df 9a5d      	SBI  0xB,5
0000e0 9a2a      	SBI  0x5,2
0000e1 982b      	CBI  0x5,3
0000e2 9a2c      	SBI  0x5,4
                 ; 0000 00AD     if (num == 3 ) { LEDa = 1; LEDb = 1; LEDc = 1; LEDd = 1; LEDe = 0; LEDf = 0; LEDg = 1; }
                 _0x34:
0000e3 81a8      	LD   R26,Y
0000e4 30a3      	CPI  R26,LOW(0x3)
0000e5 f429      	BRNE _0x43
0000e6 940e 01d3 	CALL SUBOPT_0x0
0000e8 982a      	CBI  0x5,2
0000e9 982b      	CBI  0x5,3
0000ea 9a2c      	SBI  0x5,4
                 ; 0000 00AE     if (num == 4 ) { LEDa = 0; LEDb = 1; LEDc = 1; LEDd = 0; LEDe = 0; LEDf = 1; LEDg = 1; }
                 _0x43:
0000eb 81a8      	LD   R26,Y
0000ec 30a4      	CPI  R26,LOW(0x4)
0000ed f429      	BRNE _0x52
0000ee 985e      	CBI  0xB,6
0000ef 940e 01d8 	CALL SUBOPT_0x1
0000f1 9a2b      	SBI  0x5,3
0000f2 9a2c      	SBI  0x5,4
                 ; 0000 00AF     if (num == 5 ) { LEDa = 1; LEDb = 0; LEDc = 1; LEDd = 1; LEDe = 0; LEDf = 1; LEDg = 1; }
                 _0x52:
0000f3 81a8      	LD   R26,Y
0000f4 30a5      	CPI  R26,LOW(0x5)
0000f5 f439      	BRNE _0x61
0000f6 9a5e      	SBI  0xB,6
0000f7 9828      	CBI  0x5,0
0000f8 9a29      	SBI  0x5,1
0000f9 9a5d      	SBI  0xB,5
0000fa 982a      	CBI  0x5,2
0000fb 9a2b      	SBI  0x5,3
0000fc 9a2c      	SBI  0x5,4
                 ; 0000 00B0     if (num == 6 ) { LEDa = 1; LEDb = 0; LEDc = 1; LEDd = 1; LEDe = 1; LEDf = 1; LEDg = 1; }
                 _0x61:
0000fd 81a8      	LD   R26,Y
0000fe 30a6      	CPI  R26,LOW(0x6)
0000ff f439      	BRNE _0x70
000100 9a5e      	SBI  0xB,6
000101 9828      	CBI  0x5,0
000102 9a29      	SBI  0x5,1
000103 9a5d      	SBI  0xB,5
000104 9a2a      	SBI  0x5,2
000105 9a2b      	SBI  0x5,3
000106 9a2c      	SBI  0x5,4
                 ; 0000 00B1     if (num == 7 ) { LEDa = 1; LEDb = 1; LEDc = 1; LEDd = 0; LEDe = 0; LEDf = 0; LEDg = 0; }
                 _0x70:
000107 81a8      	LD   R26,Y
000108 30a7      	CPI  R26,LOW(0x7)
000109 f429      	BRNE _0x7F
00010a 9a5e      	SBI  0xB,6
00010b 940e 01d8 	CALL SUBOPT_0x1
00010d 982b      	CBI  0x5,3
00010e 982c      	CBI  0x5,4
                 ; 0000 00B2     if (num == 8 ) { LEDa = 1; LEDb = 1; LEDc = 1; LEDd = 1; LEDe = 1; LEDf = 1; LEDg = 1; }
                 _0x7F:
00010f 81a8      	LD   R26,Y
000110 30a8      	CPI  R26,LOW(0x8)
000111 f429      	BRNE _0x8E
000112 940e 01d3 	CALL SUBOPT_0x0
000114 9a2a      	SBI  0x5,2
000115 9a2b      	SBI  0x5,3
000116 9a2c      	SBI  0x5,4
                 ; 0000 00B3     if (num == 9 ) { LEDa = 1; LEDb = 1; LEDc = 1; LEDd = 1; LEDe = 0; LEDf = 1; LEDg = 1; }
                 _0x8E:
000117 81a8      	LD   R26,Y
000118 30a9      	CPI  R26,LOW(0x9)
000119 f429      	BRNE _0x9D
00011a 940e 01d3 	CALL SUBOPT_0x0
00011c 982a      	CBI  0x5,2
00011d 9a2b      	SBI  0x5,3
00011e 9a2c      	SBI  0x5,4
                 ; 0000 00B4 
                 ; 0000 00B5     if (num == 16) { LEDa = 0; LEDb = 0; LEDc = 0; LEDd = 0; LEDe = 0; LEDf = 0; LEDg = 0; }
                 _0x9D:
00011f 81a8      	LD   R26,Y
000120 31a0      	CPI  R26,LOW(0x10)
000121 f439      	BRNE _0xAC
000122 985e      	CBI  0xB,6
000123 9828      	CBI  0x5,0
000124 9829      	CBI  0x5,1
000125 985d      	CBI  0xB,5
000126 982a      	CBI  0x5,2
000127 982b      	CBI  0x5,3
000128 982c      	CBI  0x5,4
                 ; 0000 00B6     if (num == 20) { LEDa = 1; LEDb = 1; LEDc = 1; LEDd = 1; LEDe = 1; LEDf = 1; LEDg = 1; }
                 _0xAC:
000129 81a8      	LD   R26,Y
00012a 31a4      	CPI  R26,LOW(0x14)
00012b f429      	BRNE _0xBB
00012c 940e 01d3 	CALL SUBOPT_0x0
00012e 9a2a      	SBI  0x5,2
00012f 9a2b      	SBI  0x5,3
000130 9a2c      	SBI  0x5,4
                 ; 0000 00B7 }
                 _0xBB:
                 _0x2060001:
000131 9621      	ADIW R28,1
000132 9508      	RET
                 ; .FEND
                 ;
                 ;//  Turn off all segments of the 7-segment LED
                 ;// void turn_off_segments()
                 ;// {
                 ;//       LEDa = 0; LEDb = 0; LEDc = 0; LEDd = 0; LEDe = 0; LEDf = 0; LEDg = 0;
                 ;// }
                 ;
                 ;void guinhietdo(unsigned char nhietdo) {
                 ; 0000 00BF void guinhietdo(unsigned char nhietdo) {
                 ; 0000 00C0     putchar(nhietdo/10 + 48); // Send the tens digit as a character over UART
                 ;	nhietdo -> Y+0
                 ; 0000 00C1     putchar(nhietdo%10 + 48); // Send the ones digit as a character over UART
                 ; 0000 00C2     putchar(186); // Degree symbol
                 ; 0000 00C3     putchar('C'); // Celsius symbol
                 ; 0000 00C4 }
                 ;
                 ;void main(void)
                 ; 0000 00C7 {
                 _main:
                 ; .FSTART _main
                 ; 0000 00C8     // Crystal Oscillator division factor: 1
                 ; 0000 00C9     #pragma optsize-
                 ; 0000 00CA     CLKPR = (1<<CLKPCE);
000133 e8e0      	LDI  R30,LOW(128)
000134 93e0 0061 	STS  97,R30
                 ; 0000 00CB     CLKPR = (0<<CLKPCE) | (0<<CLKPS3) | (0<<CLKPS2) | (0<<CLKPS1) | (0<<CLKPS0);
000136 e0e0      	LDI  R30,LOW(0)
000137 93e0 0061 	STS  97,R30
                 ; 0000 00CC     #ifdef _OPTIMIZE_SIZE_
                 ; 0000 00CD     #pragma optsize+
                 ; 0000 00CE     #endif
                 ; 0000 00CF 
                 ; 0000 00D0     // USART initialization
                 ; 0000 00D1     // Communication Parameters: 8 Data, 1 Stop, No Parity
                 ; 0000 00D2     // USART Receiver: On
                 ; 0000 00D3     // USART Transmitter: On
                 ; 0000 00D4     // USART0 Mode: Asynchronous
                 ; 0000 00D5     // USART Baud Rate: 9600
                 ; 0000 00D6     UCSR0A=(0<<RXC0) | (0<<TXC0) | (0<<UDRE0) | (0<<FE0) | (0<<DOR0) | (0<<UPE0) | (0<<U2X0) | (0<<MPCM0);
000139 93e0 00c0 	STS  192,R30
                 ; 0000 00D7     UCSR0B=(1<<RXCIE0) | (1<<TXCIE0) | (0<<UDRIE0) | (1<<RXEN0) | (1<<TXEN0) | (0<<UCSZ02) | (0<<RXB80) | (0<<TXB80);
00013b ede8      	LDI  R30,LOW(216)
00013c 93e0 00c1 	STS  193,R30
                 ; 0000 00D8     UCSR0C=(0<<UMSEL01) | (0<<UMSEL00) | (0<<UPM01) | (0<<UPM00) | (0<<USBS0) | (1<<UCSZ01) | (1<<UCSZ00) | (0<<UCPOL0);
00013e e0e6      	LDI  R30,LOW(6)
00013f 93e0 00c2 	STS  194,R30
                 ; 0000 00D9     UBRR0H=0x00;
000141 e0e0      	LDI  R30,LOW(0)
000142 93e0 00c5 	STS  197,R30
                 ; 0000 00DA     UBRR0L=0x67;
000144 e6e7      	LDI  R30,LOW(103)
000145 93e0 00c4 	STS  196,R30
                 ; 0000 00DB 
                 ; 0000 00DC 
                 ; 0000 00DD     DDRD.6 = 1; // Set PORTD pin 6 as output (Segment a)
000147 9a56      	SBI  0xA,6
                 ; 0000 00DE     DDRB.0 = 1; // Set PORTB pin 0 as output (Segment b)
000148 9a20      	SBI  0x4,0
                 ; 0000 00DF     DDRB.1 = 1; // Set PORTB pin 1 as output (Segment c)
000149 9a21      	SBI  0x4,1
                 ; 0000 00E0     DDRD.5 = 1; // Set PORTD pin 5 as output (Segment d)
00014a 9a55      	SBI  0xA,5
                 ; 0000 00E1     DDRB.2 = 1; // Set PORTB pin 2 as output (Segment e)
00014b 9a22      	SBI  0x4,2
                 ; 0000 00E2     DDRB.3 = 1; // Set PORTB pin 3 as output (Segment f)
00014c 9a23      	SBI  0x4,3
                 ; 0000 00E3     DDRB.4 = 1; // Set PORTB pin 4 as output (Segment g)
00014d 9a24      	SBI  0x4,4
                 ; 0000 00E4 
                 ; 0000 00E5     DDRD.4 = 0; // Set PORTD pin 4 as input (LED ON/OFF control)
00014e 9854      	CBI  0xA,4
                 ; 0000 00E6     PORTD.4 = 1; // Enable pull-up resistor on PORTD pin 4
00014f 9a5c      	SBI  0xB,4
                 ; 0000 00E7     DDRD.7 = 0; // Set PORTD pin 7 as input (LED ON/OFF control)
000150 9857      	CBI  0xA,7
                 ; 0000 00E8     PORTD.7 = 1; // Enable pull-up resistor on PORTD pin 7
000151 9a5f      	SBI  0xB,7
                 ; 0000 00E9 
                 ; 0000 00EA     DDRC.0 = 0; // Set PORTC pin 0 as input (power button)
000152 9838      	CBI  0x7,0
                 ; 0000 00EB     PORTC.0 = 1; // Enable pull-up resistor on PORTC pin 0
000153 9a40      	SBI  0x8,0
                 ; 0000 00EC 
                 ; 0000 00ED     Display7SEGMENT(20); // Turn on all segments
000154 e1a4      	LDI  R26,LOW(20)
000155 df72      	RCALL _Display7SEGMENT
                 ; 0000 00EE     delay_ms(1000);     // Wait for 1000 ms
000156 eea8      	LDI  R26,LOW(1000)
000157 e0b3      	LDI  R27,HIGH(1000)
000158 940e 020f 	CALL _delay_ms
                 ; 0000 00EF     Display7SEGMENT(16); // Turn off all segments
00015a e1a0      	LDI  R26,LOW(16)
00015b df6c      	RCALL _Display7SEGMENT
                 ; 0000 00F0     delay_ms(500);     // Wait for 500 ms
00015c efa4      	LDI  R26,LOW(500)
00015d e0b1      	LDI  R27,HIGH(500)
00015e 940e 020f 	CALL _delay_ms
                 ; 0000 00F1 
                 ; 0000 00F2     nutSW1 = PIND.4; // Read the state of switch 1 (PORTD pin 4)
000160 940e 01dd 	CALL SUBOPT_0x2
                 ; 0000 00F3     nutSW2 = PIND.7; // Read the state of switch 2 (PORTD pin 7)
                 ; 0000 00F4     nutSW1truoc = nutSW1; // Store the initial state of switch 1
000162 2cca      	MOV  R12,R10
                 ; 0000 00F5     nutSW2truoc = nutSW2; // Store the initial state of switch 2
000163 2cb9      	MOV  R11,R9
                 ; 0000 00F6     nutSW3 = PINC.0; // Read the initial state of switch 3 (PORTC pin 0)
000164 e0e0      	LDI  R30,0
000165 9930      	SBIC 0x6,0
000166 e0e1      	LDI  R30,1
000167 2ede      	MOV  R13,R30
                 ; 0000 00F7     nutSW3truoc = nutSW3; // Store the initial state of switch 3
000168 92d0 0380 	STS  _nutSW3truoc,R13
                 ; 0000 00F8 
                 ; 0000 00F9     // Global enable interrupts
                 ; 0000 00FA     #asm("sei")
00016a 9478      	sei
                 ; 0000 00FB 
                 ; 0000 00FC     putchar('S');
00016b e5a3      	LDI  R26,LOW(83)
00016c df3e      	RCALL _putchar
                 ; 0000 00FD     putchar('E');
00016d e4a5      	LDI  R26,LOW(69)
00016e df3c      	RCALL _putchar
                 ; 0000 00FE     putchar('T');
00016f e5a4      	LDI  R26,LOW(84)
000170 df3a      	RCALL _putchar
                 ; 0000 00FF     putchar('U');
000171 e5a5      	LDI  R26,LOW(85)
000172 df38      	RCALL _putchar
                 ; 0000 0100     putchar('P');
000173 e5a0      	LDI  R26,LOW(80)
000174 940e 01e6 	CALL SUBOPT_0x3
                 ; 0000 0101     putchar(10);
                 ; 0000 0102     putchar(13);
                 ; 0000 0103 
                 ; 0000 0104 
                 ; 0000 0105     while (1)
                 _0xE4:
                 ; 0000 0106     {
                 ; 0000 0107         nutSW1truoc = nutSW1; // Store the previous state of switch 1
000176 2cca      	MOV  R12,R10
                 ; 0000 0108         nutSW2truoc = nutSW2; // Store the previous state of switch 2
000177 2cb9      	MOV  R11,R9
                 ; 0000 0109         nutSW1 = PIND.4; // Read the state of switch 1 (PORTD pin 4)
000178 940e 01dd 	CALL SUBOPT_0x2
                 ; 0000 010A         nutSW2 = PIND.7; // Read the state of switch 2 (PORTD pin 7)
                 ; 0000 010B 
                 ; 0000 010C         nutSW3truoc = nutSW3; // Store the previous state of switch 3
00017a 92d0 0380 	STS  _nutSW3truoc,R13
                 ; 0000 010D         nutSW3 = PINC.0; // Read the state of switch 3 (PORTC pin 0)
00017c e0e0      	LDI  R30,0
00017d 9930      	SBIC 0x6,0
00017e e0e1      	LDI  R30,1
00017f 2ede      	MOV  R13,R30
                 ; 0000 010E 
                 ; 0000 010F         if (nutSW3 == 0 && nutSW3truoc == 1) // Falling edge = switch 3 pressed
000180 20dd      	TST  R13
000181 f421      	BRNE _0xE8
000182 91a0 0380 	LDS  R26,_nutSW3truoc
000184 30a1      	CPI  R26,LOW(0x1)
000185 f009      	BREQ _0xE9
                 _0xE8:
000186 c01e      	RJMP _0xE7
                 _0xE9:
                 ; 0000 0110         {
                 ; 0000 0111             trangThai = !trangThai;              // Latch ON <-> OFF
000187 91e0 0381 	LDS  R30,_trangThai
000189 940e 021d 	CALL __LNEGB1
00018b 93e0 0381 	STS  _trangThai,R30
                 ; 0000 0112             if (trangThai)
00018d 30e0      	CPI  R30,0
00018e f041      	BREQ _0xEA
                 ; 0000 0113             {
                 ; 0000 0114                 Display7SEGMENT(nhietdo % 10); // ON: show the ones digit of the last temperature
00018f 940e 01ee 	CALL SUBOPT_0x4
000191 2fae      	MOV  R26,R30
000192 df35      	RCALL _Display7SEGMENT
                 ; 0000 0115                 putchar('O');
000193 e4af      	LDI  R26,LOW(79)
000194 df16      	RCALL _putchar
                 ; 0000 0116                 putchar('N');
000195 e4ae      	LDI  R26,LOW(78)
000196 c007      	RJMP _0xF6
                 ; 0000 0117                 putchar(10);
                 ; 0000 0118                 putchar(13);
                 ; 0000 0119                 putchar(7); // Bell sound
                 ; 0000 011A             }
                 ; 0000 011B             else
                 _0xEA:
                 ; 0000 011C             {
                 ; 0000 011D                 Display7SEGMENT(16); // OFF: blank display
000197 e1a0      	LDI  R26,LOW(16)
000198 df2f      	RCALL _Display7SEGMENT
                 ; 0000 011E                 putchar('O');
000199 e4af      	LDI  R26,LOW(79)
00019a df10      	RCALL _putchar
                 ; 0000 011F                 putchar('F');
00019b e4a6      	LDI  R26,LOW(70)
00019c df0e      	RCALL _putchar
                 ; 0000 0120                 putchar('F');
00019d e4a6      	LDI  R26,LOW(70)
                 _0xF6:
00019e df0c      	RCALL _putchar
                 ; 0000 0121                 putchar(10);
00019f e0aa      	LDI  R26,LOW(10)
0001a0 df0a      	RCALL _putchar
                 ; 0000 0122                 putchar(13);
0001a1 e0ad      	LDI  R26,LOW(13)
0001a2 df08      	RCALL _putchar
                 ; 0000 0123                 putchar(7); // Bell sound
0001a3 e0a7      	LDI  R26,LOW(7)
0001a4 df06      	RCALL _putchar
                 ; 0000 0124             }
                 ; 0000 0125         }
                 ; 0000 0126 
                 ; 0000 0127         if (trangThai) // SW1/SW2 only work when the system is ON
                 _0xE7:
0001a5 91e0 0381 	LDS  R30,_trangThai
0001a7 30e0      	CPI  R30,0
0001a8 f121      	BREQ _0xEC
                 ; 0000 0128         {
                 ; 0000 0129             if (nutSW2 == 0 && nutSW2truoc == 1) // If PORTD pin 7 is LOW (button pressed) and was HIGH before
0001a9 2099      	TST  R9
0001aa f419      	BRNE _0xEE
0001ab e0e1      	LDI  R30,LOW(1)
0001ac 15eb      	CP   R30,R11
0001ad f009      	BREQ _0xEF
                 _0xEE:
0001ae c00c      	RJMP _0xED
                 _0xEF:
                 ; 0000 012A             {
                 ; 0000 012B                 if (demNut1 < 10) // Only act if below 30 degrees C
0001af e0ea      	LDI  R30,LOW(10)
0001b0 16ee      	CP   R14,R30
0001b1 f448      	BRSH _0xF0
                 ; 0000 012C                 {
                 ; 0000 012D                     demNut1++; // Increase, stops at 10 (30 degrees C)
0001b2 94e3      	INC  R14
                 ; 0000 012E                     nhietdo = demNut1 + 20; // Convert the count to a temperature value
0001b3 940e 01f6 	CALL SUBOPT_0x5
                 ; 0000 012F                     putchar(nhietdo/10 + 48); // Send the count as a character over UART
                 ; 0000 0130                     putchar(nhietdo%10 + 48); // Send the count as a character over UART
0001b5 940e 0206 	CALL SUBOPT_0x6
                 ; 0000 0131                     putchar(186); // Degree symbol
                 ; 0000 0132                     putchar('C'); // Celsius symbol
                 ; 0000 0133                     putchar(10); // New line
                 ; 0000 0134                     putchar(13); // Carriage return
                 ; 0000 0135                     Display7SEGMENT(nhietdo % 10); // Display the ones digit of the temperature on the 7-segment LED
0001b7 940e 01ee 	CALL SUBOPT_0x4
0001b9 2fae      	MOV  R26,R30
0001ba df0d      	RCALL _Display7SEGMENT
                 ; 0000 0136                 }
                 ; 0000 0137             }
                 _0xF0:
                 ; 0000 0138             if (nutSW1 == 0 && nutSW1truoc == 1) // If PORTD pin 4 is LOW (button pressed) and was HIGH before
                 _0xED:
0001bb 20aa      	TST  R10
0001bc f419      	BRNE _0xF2
0001bd e0e1      	LDI  R30,LOW(1)
0001be 15ec      	CP   R30,R12
0001bf f009      	BREQ _0xF3
                 _0xF2:
0001c0 c00c      	RJMP _0xF1
                 _0xF3:
                 ; 0000 0139             {
                 ; 0000 013A                 if (demNut1 > 0) // Only act if above 20 degrees C
0001c1 e0e0      	LDI  R30,LOW(0)
0001c2 15ee      	CP   R30,R14
0001c3 f448      	BRSH _0xF4
                 ; 0000 013B                 {
                 ; 0000 013C                     demNut1--; // Decrease, stops at 0 (20 degrees C)
0001c4 94ea      	DEC  R14
                 ; 0000 013D                     nhietdo = demNut1 + 20; // Convert the count to a temperature value
0001c5 940e 01f6 	CALL SUBOPT_0x5
                 ; 0000 013E                     putchar(nhietdo/10 + 48); // Send the count as a character over UART
                 ; 0000 013F                     putchar(nhietdo%10 + 48); // Send the count as a character over UART
0001c7 940e 0206 	CALL SUBOPT_0x6
                 ; 0000 0140                     putchar(186); // Degree symbol
                 ; 0000 0141                     putchar('C'); // Celsius symbol
                 ; 0000 0142                     putchar(10); // New line
                 ; 0000 0143                     putchar(13); // Carriage return
                 ; 0000 0144                     Display7SEGMENT(nhietdo % 10); // Display the ones digit of the temperature on the 7-segment LED
0001c9 940e 01ee 	CALL SUBOPT_0x4
0001cb 2fae      	MOV  R26,R30
0001cc defb      	RCALL _Display7SEGMENT
                 ; 0000 0145                 }
                 ; 0000 0146             }
                 _0xF4:
                 ; 0000 0147         }
                 _0xF1:
                 ; 0000 0148 
                 ; 0000 0149 
                 ; 0000 014A         delay_ms(20); // Wait for 20 ms to debounce the button press
                 _0xEC:
0001cd e1a4      	LDI  R26,LOW(20)
0001ce e0b0      	LDI  R27,0
0001cf 940e 020f 	CALL _delay_ms
                 ; 0000 014B     }
0001d1 cfa4      	RJMP _0xE4
                 ; 0000 014C }
                 _0xF5:
0001d2 cfff      	RJMP _0xF5
                 ; .FEND
                 	#ifndef __SLEEP_DEFINED__
                 	#endif
                 
                 	.CSEG
                 
                 	.CSEG
                 
                 	.CSEG
                 
                 	.DSEG
                 _rx_buffer0:
000300           	.BYTE 0x40
                 _tx_buffer0:
000340           	.BYTE 0x40
                 _nutSW3truoc:
000380           	.BYTE 0x1
                 _trangThai:
000381           	.BYTE 0x1
                 _nhietdo:
000382           	.BYTE 0x1
                 
                 	.CSEG
                 ;OPTIMIZER ADDED SUBROUTINE, CALLED 5 TIMES, CODE SIZE REDUCTION:5 WORDS
                 SUBOPT_0x0:
0001d3 9a5e      	SBI  0xB,6
0001d4 9a28      	SBI  0x5,0
0001d5 9a29      	SBI  0x5,1
0001d6 9a5d      	SBI  0xB,5
0001d7 9508      	RET
                 
                 ;OPTIMIZER ADDED SUBROUTINE, CALLED 3 TIMES, CODE SIZE REDUCTION:1 WORDS
                 SUBOPT_0x1:
0001d8 9a28      	SBI  0x5,0
0001d9 9a29      	SBI  0x5,1
0001da 985d      	CBI  0xB,5
0001db 982a      	CBI  0x5,2
0001dc 9508      	RET
                 
                 ;OPTIMIZER ADDED SUBROUTINE, CALLED 2 TIMES, CODE SIZE REDUCTION:3 WORDS
                 SUBOPT_0x2:
0001dd e0e0      	LDI  R30,0
0001de 994c      	SBIC 0x9,4
0001df e0e1      	LDI  R30,1
0001e0 2eae      	MOV  R10,R30
0001e1 e0e0      	LDI  R30,0
0001e2 994f      	SBIC 0x9,7
0001e3 e0e1      	LDI  R30,1
0001e4 2e9e      	MOV  R9,R30
0001e5 9508      	RET
                 
                 ;OPTIMIZER ADDED SUBROUTINE, CALLED 3 TIMES, CODE SIZE REDUCTION:9 WORDS
                 SUBOPT_0x3:
0001e6 940e 00ab 	CALL _putchar
0001e8 e0aa      	LDI  R26,LOW(10)
0001e9 940e 00ab 	CALL _putchar
0001eb e0ad      	LDI  R26,LOW(13)
0001ec 940c 00ab 	JMP  _putchar
                 
                 ;OPTIMIZER ADDED SUBROUTINE, CALLED 5 TIMES, CODE SIZE REDUCTION:17 WORDS
                 SUBOPT_0x4:
0001ee 91a0 0382 	LDS  R26,_nhietdo
0001f0 27bb      	CLR  R27
0001f1 e0ea      	LDI  R30,LOW(10)
0001f2 e0f0      	LDI  R31,HIGH(10)
0001f3 940e 023a 	CALL __MODW21
0001f5 9508      	RET
                 
                 ;OPTIMIZER ADDED SUBROUTINE, CALLED 2 TIMES, CODE SIZE REDUCTION:12 WORDS
                 SUBOPT_0x5:
0001f6 2dee      	MOV  R30,R14
0001f7 5eec      	SUBI R30,-LOW(20)
0001f8 93e0 0382 	STS  _nhietdo,R30
0001fa 91a0 0382 	LDS  R26,_nhietdo
0001fc e0b0      	LDI  R27,0
0001fd e0ea      	LDI  R30,LOW(10)
0001fe e0f0      	LDI  R31,HIGH(10)
0001ff 940e 0235 	CALL __DIVW21
000201 5de0      	SUBI R30,-LOW(48)
000202 2fae      	MOV  R26,R30
000203 940e 00ab 	CALL _putchar
000205 cfe8      	RJMP SUBOPT_0x4
                 
                 ;OPTIMIZER ADDED SUBROUTINE, CALLED 2 TIMES, CODE SIZE REDUCTION:5 WORDS
                 SUBOPT_0x6:
000206 5de0      	SUBI R30,-LOW(48)
000207 2fae      	MOV  R26,R30
000208 940e 00ab 	CALL _putchar
00020a ebaa      	LDI  R26,LOW(186)
00020b 940e 00ab 	CALL _putchar
00020d e4a3      	LDI  R26,LOW(67)
00020e cfd7      	RJMP SUBOPT_0x3
                 
                 
                 	.CSEG
                 _delay_ms:
00020f 9610      	adiw r26,0
000210 f039      	breq __delay_ms1
                 __delay_ms0:
                +
000211 ea80     +LDI R24 , LOW ( 0xFA0 )
000212 e09f     +LDI R25 , HIGH ( 0xFA0 )
                +__DELAY_USW_LOOP :
000213 9701     +SBIW R24 , 1
000214 f7f1     +BRNE __DELAY_USW_LOOP
                 	__DELAY_USW 0xFA0
000215 95a8      	wdr
000216 9711      	sbiw r26,1
000217 f7c9      	brne __delay_ms0
                 __delay_ms1:
000218 9508      	ret
                 
                 __ANEGW1:
000219 95f1      	NEG  R31
00021a 95e1      	NEG  R30
00021b 40f0      	SBCI R31,0
00021c 9508      	RET
                 
                 __LNEGB1:
00021d 23ee      	TST  R30
00021e e0e1      	LDI  R30,1
00021f f009      	BREQ __LNEGB1F
000220 27ee      	CLR  R30
                 __LNEGB1F:
000221 9508      	RET
                 
                 __DIVW21U:
000222 2400      	CLR  R0
000223 2411      	CLR  R1
000224 e190      	LDI  R25,16
                 __DIVW21U1:
000225 0faa      	LSL  R26
000226 1fbb      	ROL  R27
000227 1c00      	ROL  R0
000228 1c11      	ROL  R1
000229 1a0e      	SUB  R0,R30
00022a 0a1f      	SBC  R1,R31
00022b f418      	BRCC __DIVW21U2
00022c 0e0e      	ADD  R0,R30
00022d 1e1f      	ADC  R1,R31
00022e c001      	RJMP __DIVW21U3
                 __DIVW21U2:
00022f 60a1      	SBR  R26,1
                 __DIVW21U3:
000230 959a      	DEC  R25
000231 f799      	BRNE __DIVW21U1
000232 01fd      	MOVW R30,R26
000233 01d0      	MOVW R26,R0
000234 9508      	RET
                 
                 __DIVW21:
000235 d012      	RCALL __CHKSIGNW
000236 dfeb      	RCALL __DIVW21U
000237 f40e      	BRTC __DIVW211
000238 dfe0      	RCALL __ANEGW1
                 __DIVW211:
000239 9508      	RET
                 
                 __MODW21:
00023a 94e8      	CLT
00023b ffb7      	SBRS R27,7
00023c c004      	RJMP __MODW211
00023d 95a0      	COM  R26
00023e 95b0      	COM  R27
00023f 9611      	ADIW R26,1
000240 9468      	SET
                 __MODW211:
000241 fdf7      	SBRC R31,7
000242 dfd6      	RCALL __ANEGW1
000243 dfde      	RCALL __DIVW21U
000244 01fd      	MOVW R30,R26
000245 f40e      	BRTC __MODW212
000246 dfd2      	RCALL __ANEGW1
                 __MODW212:
000247 9508      	RET
                 
                 __CHKSIGNW:
000248 94e8      	CLT
000249 fff7      	SBRS R31,7
00024a c002      	RJMP __CHKSW1
00024b dfcd      	RCALL __ANEGW1
00024c 9468      	SET
                 __CHKSW1:
00024d ffb7      	SBRS R27,7
00024e c006      	RJMP __CHKSW2
00024f 95a0      	COM  R26
000250 95b0      	COM  R27
000251 9611      	ADIW R26,1
000252 f800      	BLD  R0,0
000253 9403      	INC  R0
000254 fa00      	BST  R0,0
                 __CHKSW2:
000255 9508      	RET
                 
                 ;END OF CODE MARKER
                 __END_OF_CODE:


RESOURCE USE INFORMATION
------------------------

Notice:
The register and instruction counts are symbol table hit counts,
and hence implicitly used resources are not counted, eg, the
'lpm' instruction without operands implicitly uses r0 and z,
none of which are counted.

x,y,z are separate entities in the symbol table and are
counted separately from r26..r31 here.

.dseg memory usage only counts static data declared with .byte

ATmega328P register use summary:
r0 :  12 r1 :   5 r2 :   0 r3 :   0 r4 :   4 r5 :   4 r6 :   3 r7 :   5 
r8 :   4 r9 :   4 r10:   4 r11:   3 r12:   3 r13:   5 r14:   5 r15:   0 
r16:   4 r17:   4 r18:   0 r19:   0 r20:   0 r21:   0 r22:   2 r23:   0 
r24:   9 r25:   5 r26:  72 r27:  13 r28:   2 r29:   1 r30: 108 r31:  20 
x  :   3 y  :  29 z  :  10 
Registers used: 27 out of 35 (77.1%)

ATmega328P instruction use summary:
.lds  :   0 .lds.l:   0 .sts  :   0 .sts.l:   0 adc   :   1 add   :   1 
adiw  :   4 and   :   0 andi  :   2 asr   :   0 bclr  :   0 bld   :   1 
brbc  :   0 brbs  :   0 brcc  :   1 brcs  :   0 break :   0 breq  :  10 
brge  :   0 brhc  :   0 brhs  :   0 brid  :   0 brie  :   0 brlo  :   0 
brlt  :   0 brmi  :   0 brne  :  28 brpl  :   0 brsh  :   2 brtc  :   2 
brts  :   0 brvc  :   0 brvs  :   0 bset  :   0 bst   :   1 call  :  29 
cbi   :  27 cbr   :   0 clc   :   0 clh   :   0 cli   :   2 cln   :   0 
clr   :  10 cls   :   0 clt   :   2 clv   :   0 clz   :   0 com   :   4 
cp    :   9 cpc   :   0 cpi   :  15 cpse  :   0 dec   :   4 des   :   0 
eor   :   0 fmul  :   0 fmuls :   0 fmulsu:   0 icall :   0 ijmp  :   0 
in    :   2 inc   :   7 jmp   :  28 ld    :  20 ldd   :   0 ldi   :  75 
lds   :   8 lpm   :   7 lsl   :   1 lsr   :   0 mov   :  18 movw  :   6 
mul   :   0 muls  :   0 mulsu :   0 neg   :   2 nop   :   0 or    :   0 
ori   :   0 out   :   7 pop   :   0 push  :   0 rcall :  24 ret   :  12 
reti  :   1 rjmp  :  16 rol   :   3 ror   :   0 sbc   :   1 sbci  :   4 
sbi   :  47 sbic  :   4 sbis  :   0 sbiw  :   5 sbr   :   1 sbrc  :   1 
sbrs  :   3 sec   :   0 seh   :   0 sei   :   2 sen   :   0 ser   :   0 
ses   :   0 set   :   2 sev   :   0 sez   :   0 sleep :   0 spm   :   0 
st    :  14 std   :   1 sts   :  13 sub   :   1 subi  :   6 swap  :   0 
tst   :   6 wdr   :   1 
Instructions used: 54 out of 116 (46.6%)

ATmega328P memory use summary [bytes]:
Segment   Begin    End      Code   Data   Used    Size   Use%
---------------------------------------------------------------
[.cseg] 0x000000 0x0004ac   1164     32   1196   32768   3.6%
[.dseg] 0x000100 0x000383      0    131    131    2048   6.4%
[.eseg] 0x000000 0x000000      0      0      0    1024   0.0%

Assembly complete, 0 errors, 12 warnings
